Microchip MPLAB XC8 Compiler V2.00 ()

Linker command line:

-W-3 --edf=C:\Program Files (x86)\Microchip\xc8\v2.00\pic\dat\en_msgs.txt \
  -cs -h+dist/default/debug\lab11_2.X.debug.sym \
  --cmf=dist/default/debug\lab11_2.X.debug.cmf -z -Q18F4520 \
  -oC:\Users\User\AppData\Local\Temp\s5r8.2 --defsym=__MPLAB_BUILD=1 \
  -Mdist/default/debug/lab11_2.X.debug.map -E1 -ver=XC8 --acfsm=1493 \
  -ASTACK=0192h-05f3h -pstack=STACK -ACODE=00h-07DBFh -ACONST=00h-07DBFh \
  -ASMALLCONST=0600h-06FFhx119,07D00h-07DBFh -AMEDIUMCONST=0600h-07DBFh \
  -ACOMRAM=01h-07Fh -AABS1=00h-05F3h -ABIGRAM=01h-05F3h \
  -ARAM=080h-0FFh,0100h-01FFhx4,0500h-05F3h -ABANK0=080h-0FFh \
  -ABANK1=0100h-01FFh -ABANK2=0200h-02FFh -ABANK3=0300h-03FFh \
  -ABANK4=0400h-04FFh -ABANK5=0500h-05F3h \
  -ASFR=0F80h-0F9Bh,0F9Dh-0FD3h,0FD5h-0FDAh,0FE0h-0FE2h,0FE8h-0FEAh,0FF0h-0FFCh \
  -preset_vec=00h,intcode=08h,intcodelo=018h,powerup,init -pramtop=0600h \
  -psmallconst=SMALLCONST -pmediumconst=MEDIUMCONST -pconst=CONST \
  -AFARRAM=00h-00h -ACONFIG=0300000h-030000Dh -pconfig=CONFIG \
  -AIDLOC=0200000h-0200007h -pidloc=IDLOC -AEEDATA=0F00000h-0F000FFh \
  -peeprom_data=EEDATA \
  -prdata=COMRAM,nvrram=COMRAM,nvbit=COMRAM,rbss=COMRAM,rbit=COMRAM \
  -pfarbss=FARRAM,fardata=FARRAM,nvFARRAM=FARRAM \
  -pintsave_regs=BIGRAM,bigbss=BIGRAM,bigdata=BIGRAM -pbss=RAM \
  -pidata=CODE,irdata=CODE,ibigdata=CODE,ifardata=CODE -prparam=COMRAM \
  C:\Users\User\AppData\Local\Temp\s5r8.o \
  dist/default/debug\lab11_2.X.debug.o 

Object code version is 3.11

Machine type is 18F4520

Call graph: (short form)




                Name                               Link     Load   Length Selector   Space Scale
C:\Users\User\AppData\Local\Temp\s5r8.o
                init                                 78       78        4        C       0
                reset_vec                             0        0        4        0       0
                idloc                            200000   200000        8   200000       0
                config                           300000   300000        E   300000       0
dist/default/debug\lab11_2.X.debug.o
                intcodelo                            18       18       60        C       0
                intcode                               8        8        6        4       0
                temp                                 74       74        1        1       1
                smallconst                          600      600       26      300       0
                intcode_body                       3E8E     3E8E       28      313       0
                text47                             3EF6     3EF6       1E      313       0
                text46                             360C     360C       D8      313       0
                text45                             3CEC     3CEC       48      313       0
                text43                             3D34     3D34       46      313       0
                text42                             3A14     3A14       6A      313       0
                text41                             3F5A     3F5A        E      313       0
                text40                             3ED8     3ED8       1E      313       0
                text39                             3908     3908       8C      313       0
                text38                             3F44     3F44       16      313       0
                text37                             3F2C     3F2C       18      313       0
                text36                             3F68     3F68        C      313       0
                text35                             3F7C     3F7C        8      313       0
                text34                             3F74     3F74        8      313       0
                text33                             3EB6     3EB6       22      313       0
                text32                             3F14     3F14       18      313       0
                text31                             2CCA     2CCA      1DC      313       0
                text30                             3E64     3E64       2A      313       0
                text29                             3DF6     3DF6       3C      313       0
                text28                             3BAA     3BAA       5A      313       0
                text27                             28B0     28B0      20E      313       0
                text26                             336A     336A       EC      313       0
                text25                             3534     3534       D8      313       0
                text24                             225E     225E      420      313       0
                text23                             37B6     37B6       BA      313       0
                text22                             2EA6     2EA6      168      313       0
                text21                             1DF0     1DF0      46E      313       0
                text20                             3D7A     3D7A       40      313       0
                text19                             134A     134A      584      313       0
                text18                             3CA2     3CA2       4A      313       0
                text17                             300E     300E      152      313       0
                text16                             3160     3160      10E      313       0
                text15                             267E     267E      232      313       0
                text14                             3F84     3F84        2      313       0
                text13                             3456     3456       DE      313       0
                text12                             3C56     3C56       4C      313       0
                text11                             3C04     3C04       52      313       0
                text10                             36E4     36E4       D2      313       0
                text9                              3A7E     3A7E       68      313       0
                text8                              3DBA     3DBA       3C      313       0
                text7                              3994     3994       80      313       0
                text6                               626      626      D24      313       0
                text5                              326E     326E       FC      313       0
                text4                              18CE     18CE      522      313       0
                text3                              3AE6     3AE6       66      313       0
                text2                              3B4C     3B4C       5E      313       0
                text1                              3870     3870       98      313       0
                text0                              2ABE     2ABE      20C      313       0
                cstackCOMRAM                          1        1       6B        1       1
                cstackBANK0                          80       80       68       80       1
                cstackBANK1                         182      182       10      100       1
                bssBANK1                            100      100       82      100       1
                bssBANK0                             E8       E8        A       80       1
                bssCOMRAM                            6C       6C        8        1       1
                cinit                              3E32     3E32       32      313       0

TOTAL           Name                               Link     Load   Length     Space
        CLASS   STACK          

        CLASS   CODE           
                intcodelo                            18       18       60         0
                intcode                               8        8        6         0
                init                                 78       78        4         0
                reset_vec                             0        0        4         0
                intcode_body                       3E8E     3E8E       28         0
                text47                             3EF6     3EF6       1E         0
                text46                             360C     360C       D8         0
                text45                             3CEC     3CEC       48         0
                text43                             3D34     3D34       46         0
                text42                             3A14     3A14       6A         0
                text41                             3F5A     3F5A        E         0
                text40                             3ED8     3ED8       1E         0
                text39                             3908     3908       8C         0
                text38                             3F44     3F44       16         0
                text37                             3F2C     3F2C       18         0
                text36                             3F68     3F68        C         0
                text35                             3F7C     3F7C        8         0
                text34                             3F74     3F74        8         0
                text33                             3EB6     3EB6       22         0
                text32                             3F14     3F14       18         0
                text31                             2CCA     2CCA      1DC         0
                text30                             3E64     3E64       2A         0
                text29                             3DF6     3DF6       3C         0
                text28                             3BAA     3BAA       5A         0
                text27                             28B0     28B0      20E         0
                text26                             336A     336A       EC         0
                text25                             3534     3534       D8         0
                text24                             225E     225E      420         0
                text23                             37B6     37B6       BA         0
                text22                             2EA6     2EA6      168         0
                text21                             1DF0     1DF0      46E         0
                text20                             3D7A     3D7A       40         0
                text19                             134A     134A      584         0
                text18                             3CA2     3CA2       4A         0
                text17                             300E     300E      152         0
                text16                             3160     3160      10E         0
                text15                             267E     267E      232         0
                text14                             3F84     3F84        2         0
                text13                             3456     3456       DE         0
                text12                             3C56     3C56       4C         0
                text11                             3C04     3C04       52         0
                text10                             36E4     36E4       D2         0
                text9                              3A7E     3A7E       68         0
                text8                              3DBA     3DBA       3C         0
                text7                              3994     3994       80         0
                text6                               626      626      D24         0
                text5                              326E     326E       FC         0
                text4                              18CE     18CE      522         0
                text3                              3AE6     3AE6       66         0
                text2                              3B4C     3B4C       5E         0
                text1                              3870     3870       98         0
                text0                              2ABE     2ABE      20C         0
                cinit                              3E32     3E32       32         0

        CLASS   CONST          

        CLASS   SMALLCONST     
                smallconst                          600      600       26         0

        CLASS   MEDIUMCONST    

        CLASS   COMRAM         
                temp                                 74       74        1         1
                cstackCOMRAM                          1        1       6B         1
                bssCOMRAM                            6C       6C        8         1

        CLASS   ABS1           

        CLASS   BIGRAM         

        CLASS   RAM            

        CLASS   BANK0          
                cstackBANK0                          80       80       68         1
                bssBANK0                             E8       E8        A         1

        CLASS   BANK1          
                cstackBANK1                         182      182       10         1
                bssBANK1                            100      100       82         1

        CLASS   BANK2          

        CLASS   BANK3          

        CLASS   BANK4          

        CLASS   BANK5          

        CLASS   SFR            

        CLASS   FARRAM         

        CLASS   CONFIG         
                config                           300000   300000        E         0

        CLASS   IDLOC          
                idloc                            200000   200000        8         0

        CLASS   EEDATA         



SEGMENTS        Name                           Load    Length   Top    Selector   Space  Class

                reset_vec                      000000  000004  000004         0       0  CODE    
                cstackCOMRAM                   000001  000074  000075         1       1  COMRAM  
                intcode                        000008  000006  00000E         4       0  CODE    
                intcodelo                      000018  000064  00007C         C       0  CODE    
                cstackBANK0                    000080  000072  0000F2        80       1  BANK0   
                bssBANK1                       000100  000092  000192       100       1  BANK1   
                smallconst                     000600  000026  000626       300       0  SMALLCON
                text6                          000626  003960  003F86       313       0  CODE    
                idloc                          200000  000008  200008    200000       0  IDLOC   
                config                         300000  00000E  30000E    300000       0  CONFIG  


UNUSED ADDRESS RANGES

        Name                Unused          Largest block    Delta
        BANK0            0000F2-0000FF                E
        BANK1            000192-0001FF               6E
        BANK2            000200-0002FF              100
        BANK3            000300-0003FF              100
        BANK4            000400-0004FF              100
        BANK5            000500-0005F3               F4
        BIGRAM           000075-00007F                B
                         0000F2-0000FF                E
                         000192-0005F3              462
        CODE             000004-000007                4
                         00000E-000017                A
                         00007C-0005FF              584
                         003F86-007DBF             3E3A
        COMRAM           000075-00007F                B
        CONST            000004-000007                4
                         00000E-000017                A
                         00007C-0005FF              584
                         003F86-007DBF             3E3A
        EEDATA           F00000-F000FF              100
        MEDIUMCONST      003F86-007DBF             3E3A
        RAM              0000F2-0000FF                E
                         000192-0005F3              100
        SFR              000F80-000F9B               1C
                         000F9D-000FD3               37
                         000FD5-000FDA                6
                         000FE0-000FE2                3
                         000FE8-000FEA                3
                         000FF0-000FFC                D
        SMALLCONST       003F86-007DBF              100
        STACK            000192-0005F3              462

                                  Symbol Table

?_ADC_Read                      cstackCOMRAM 00000C
?_GetString                     cstackCOMRAM 00000C
?___awdiv                       cstackCOMRAM 00000C
?___awmod                       cstackCOMRAM 00000C
?___fladd                       cstackCOMRAM 00000C
?___fldiv                       cstackCOMRAM 000033
?___flmul                       cstackCOMRAM 00001A
?___flneg                       cstackCOMRAM 00000C
?___flsub                       cstackCOMRAM 000033
?___fltol                       cstackCOMRAM 00000C
?___fpclassifyf                 cstackCOMRAM 00000C
?___wmul                        cstackCOMRAM 00000C
?___xxtofl                      cstackCOMRAM 00000C
?_atoi                          cstackCOMRAM 000013
?_efgtoa                        cstackCOMRAM 000060
?_floorf                        cstackCOMRAM 00004C
?_isdigit                       cstackCOMRAM 00000C
?_isspace                       cstackCOMRAM 00000C
?_isupper                       cstackCOMRAM 00000C
?_pad                           cstackCOMRAM 00001C
?_sprintf                       cstackBANK0  0000D6
?_strlen                        cstackCOMRAM 00000C
?_strncmp                       cstackCOMRAM 00000C
?_tolower                       cstackCOMRAM 000012
?_vfpfcnvrt                     cstackBANK0  0000B8
?_vfprintf                      cstackBANK0  0000CE
?i1___awmod                     cstackCOMRAM 000001
ADC_Read@channel                cstackCOMRAM 00000C
ADC_Read@digital                cstackCOMRAM 000010
ClearBuffer@i                   cstackCOMRAM 00000C
Mode1@text                      cstackCOMRAM 000013
UART_Write@data                 cstackCOMRAM 00000C
UART_Write_Text@i               cstackCOMRAM 000011
UART_Write_Text@text            cstackCOMRAM 00000D
_ADCON0bits                     (abs)        000FC2
_ADCON1                         (abs)        000FC1
_ADCON2bits                     (abs)        000FC0
_ADC_Initialize                 text37       003F2C
_ADC_Read                       text43       003D34
_ADFM                           (abs)        007E07
_ADRESH                         (abs)        000FC4
_ADRESL                         (abs)        000FC3
_BAUDCONbits                    (abs)        000FB8
_CCP1CON                        (abs)        000FBD
_CCP1_Initialize                text36       003F68
_CREN                           (abs)        007D5C
_ClearBuffer                    text42       003A14
_GetString                      text41       003F5A
_Hi_ISR                         intcode      000008
_INTCONbits                     (abs)        000FF2
_INTERRUPT_Initialize           text35       003F7C
_IPR1bits                       (abs)        000F9F
_Lo_ISR                         intcodelo    000018
_Mode1                          text38       003F44
_MyusartRead                    text45       003CEC
_OSCCONbits                     (abs)        000FD3
_OSCILLATOR_Initialize          text34       003F74
_PIE1bits                       (abs)        000F9D
_PIR1bits                       (abs)        000F9E
_RC2                            (abs)        007C12
_RCIF                           (abs)        007CF5
_RCONbits                       (abs)        000FD0
_RCREG                          (abs)        000FAE
_RCSTAbits                      (abs)        000FAB
_SPBRG                          (abs)        000FAF
_SYSTEM_Initialize              text32       003F14
_TMR3                           (abs)        000FB2
_TRISA                          (abs)        000F92
_TRISCbits                      (abs)        000F94
_TRISEbits                      (abs)        000F96
_TXREG                          (abs)        000FAD
_TXSTAbits                      (abs)        000FAC
_UART_Initialize                text33       003EB6
_UART_Write                     text40       003ED8
_UART_Write_Text                text39       003908
__CFG_BOREN$SBORDIS             (abs)        000000
__CFG_BORV$3                    (abs)        000000
__CFG_CCP2MX$PORTC              (abs)        000000
__CFG_CP0$OFF                   (abs)        000000
__CFG_CP1$OFF                   (abs)        000000
__CFG_CP2$OFF                   (abs)        000000
__CFG_CP3$OFF                   (abs)        000000
__CFG_CPB$OFF                   (abs)        000000
__CFG_CPD$OFF                   (abs)        000000
__CFG_EBTR0$OFF                 (abs)        000000
__CFG_EBTR1$OFF                 (abs)        000000
__CFG_EBTR2$OFF                 (abs)        000000
__CFG_EBTR3$OFF                 (abs)        000000
__CFG_EBTRB$OFF                 (abs)        000000
__CFG_FCMEN$OFF                 (abs)        000000
__CFG_IESO$ON                   (abs)        000000
__CFG_LPT1OSC$OFF               (abs)        000000
__CFG_LVP$OFF                   (abs)        000000
__CFG_MCLRE$ON                  (abs)        000000
__CFG_OSC$INTIO67               (abs)        000000
__CFG_PBADEN$ON                 (abs)        000000
__CFG_PWRT$OFF                  (abs)        000000
__CFG_STVREN$ON                 (abs)        000000
__CFG_WDT$OFF                   (abs)        000000
__CFG_WDTPS$1                   (abs)        000000
__CFG_WRT0$OFF                  (abs)        000000
__CFG_WRT1$OFF                  (abs)        000000
__CFG_WRT2$OFF                  (abs)        000000
__CFG_WRT3$OFF                  (abs)        000000
__CFG_WRTB$OFF                  (abs)        000000
__CFG_WRTC$OFF                  (abs)        000000
__CFG_WRTD$OFF                  (abs)        000000
__CFG_XINST$OFF                 (abs)        000000
__HRAM                          (abs)        000000
__Habs1                         abs1         000000
__Hbank0                        bank0        000000
__Hbank1                        bank1        000000
__Hbank2                        bank2        000000
__Hbank3                        bank3        000000
__Hbank4                        bank4        000000
__Hbank5                        bank5        000000
__Hbigbss                       bigbss       000000
__Hbigdata                      bigdata      000000
__Hbigram                       bigram       000000
__Hbss                          bss          000000
__HbssBANK0                     bssBANK0     000000
__HbssBANK1                     bssBANK1     000000
__HbssCOMRAM                    bssCOMRAM    000000
__Hcinit                        cinit        000000
__Hclrtext                      clrtext      000000
__Hcomram                       comram       000000
__Hconfig                       config       30000E
__Hconst                        const        000000
__HcstackBANK0                  cstackBANK0  000000
__HcstackBANK1                  cstackBANK1  000000
__HcstackCOMRAM                 cstackCOMRAM 000000
__Hdata                         data         000000
__Heeprom_data                  eeprom_data  000000
__Hfarbss                       farbss       000000
__Hfardata                      fardata      000000
__Hibigdata                     ibigdata     000000
__Hidata                        idata        000000
__Hidloc                        idloc        200008
__Hifardata                     ifardata     000000
__Hinit                         init         00007C
__Hintcode                      intcode      00000E
__Hintcode_body                 intcode_body 000000
__Hintcodelo                    intcodelo    000078
__Hintentry                     intentry     000000
__Hintret                       intret       000000
__Hintsave_regs                 intsave_regs 000000
__Hirdata                       irdata       000000
__Hmediumconst                  mediumconst  000000
__HnvFARRAM                     nvFARRAM     000000
__Hnvbit                        nvbit        000000
__Hnvrram                       nvrram       000000
__Hparam                        rparam       000000
__Hpowerup                      powerup      000078
__Hram                          ram          000000
__Hramtop                       ramtop       000600
__Hrbit                         rbit         000000
__Hrbss                         rbss         000000
__Hrdata                        rdata        000000
__Hreset_vec                    reset_vec    000004
__Hrparam                       rparam       000000
__Hsfr                          sfr          000000
__Hsmallconst                   smallconst   000626
__Hspace_0                      (abs)        30000E
__Hspace_1                      (abs)        000192
__Hspace_2                      (abs)        000000
__Hstack                        stack        000000
__Hstruct                       struct       000000
__Htemp                         temp         000075
__Htext                         text         000000
__Htext0                        text0        000000
__Htext1                        text1        000000
__Htext10                       text10       000000
__Htext11                       text11       000000
__Htext12                       text12       000000
__Htext13                       text13       000000
__Htext14                       text14       000000
__Htext15                       text15       000000
__Htext16                       text16       000000
__Htext17                       text17       000000
__Htext18                       text18       000000
__Htext19                       text19       000000
__Htext2                        text2        000000
__Htext20                       text20       000000
__Htext21                       text21       000000
__Htext22                       text22       000000
__Htext23                       text23       000000
__Htext24                       text24       000000
__Htext25                       text25       000000
__Htext26                       text26       000000
__Htext27                       text27       000000
__Htext28                       text28       000000
__Htext29                       text29       000000
__Htext3                        text3        000000
__Htext30                       text30       000000
__Htext31                       text31       000000
__Htext32                       text32       000000
__Htext33                       text33       000000
__Htext34                       text34       000000
__Htext35                       text35       000000
__Htext36                       text36       000000
__Htext37                       text37       000000
__Htext38                       text38       000000
__Htext39                       text39       000000
__Htext4                        text4        000000
__Htext40                       text40       000000
__Htext41                       text41       000000
__Htext42                       text42       000000
__Htext43                       text43       000000
__Htext45                       text45       000000
__Htext46                       text46       000000
__Htext47                       text47       000000
__Htext5                        text5        000000
__Htext6                        text6        000000
__Htext7                        text7        000000
__Htext8                        text8        000000
__Htext9                        text9        000000
__LRAM                          (abs)        000001
__Labs1                         abs1         000000
__Lbank0                        bank0        000000
__Lbank1                        bank1        000000
__Lbank2                        bank2        000000
__Lbank3                        bank3        000000
__Lbank4                        bank4        000000
__Lbank5                        bank5        000000
__Lbigbss                       bigbss       000000
__Lbigdata                      bigdata      000000
__Lbigram                       bigram       000000
__Lbss                          bss          000000
__LbssBANK0                     bssBANK0     000000
__LbssBANK1                     bssBANK1     000000
__LbssCOMRAM                    bssCOMRAM    000000
__Lcinit                        cinit        000000
__Lclrtext                      clrtext      000000
__Lcomram                       comram       000000
__Lconfig                       config       300000
__Lconst                        const        000000
__LcstackBANK0                  cstackBANK0  000000
__LcstackBANK1                  cstackBANK1  000000
__LcstackCOMRAM                 cstackCOMRAM 000000
__Ldata                         data         000000
__Leeprom_data                  eeprom_data  000000
__Lfarbss                       farbss       000000
__Lfardata                      fardata      000000
__Libigdata                     ibigdata     000000
__Lidata                        idata        000000
__Lidloc                        idloc        200000
__Lifardata                     ifardata     000000
__Linit                         init         000078
__Lintcode                      intcode      000008
__Lintcode_body                 intcode_body 000000
__Lintcodelo                    intcodelo    000018
__Lintentry                     intentry     000000
__Lintret                       intret       000000
__Lintsave_regs                 intsave_regs 000000
__Lirdata                       irdata       000000
__Lmediumconst                  mediumconst  000000
__LnvFARRAM                     nvFARRAM     000000
__Lnvbit                        nvbit        000000
__Lnvrram                       nvrram       000000
__Lparam                        rparam       000000
__Lpowerup                      powerup      000078
__Lram                          ram          000000
__Lramtop                       ramtop       000600
__Lrbit                         rbit         000000
__Lrbss                         rbss         000000
__Lrdata                        rdata        000000
__Lreset_vec                    reset_vec    000000
__Lrparam                       rparam       000000
__Lsfr                          sfr          000000
__Lsmallconst                   smallconst   000600
__Lspace_0                      (abs)        000000
__Lspace_1                      (abs)        000000
__Lspace_2                      (abs)        000000
__Lstack                        stack        000000
__Lstruct                       struct       000000
__Ltemp                         temp         000074
__Ltext                         text         000000
__Ltext0                        text0        000000
__Ltext1                        text1        000000
__Ltext10                       text10       000000
__Ltext11                       text11       000000
__Ltext12                       text12       000000
__Ltext13                       text13       000000
__Ltext14                       text14       000000
__Ltext15                       text15       000000
__Ltext16                       text16       000000
__Ltext17                       text17       000000
__Ltext18                       text18       000000
__Ltext19                       text19       000000
__Ltext2                        text2        000000
__Ltext20                       text20       000000
__Ltext21                       text21       000000
__Ltext22                       text22       000000
__Ltext23                       text23       000000
__Ltext24                       text24       000000
__Ltext25                       text25       000000
__Ltext26                       text26       000000
__Ltext27                       text27       000000
__Ltext28                       text28       000000
__Ltext29                       text29       000000
__Ltext3                        text3        000000
__Ltext30                       text30       000000
__Ltext31                       text31       000000
__Ltext32                       text32       000000
__Ltext33                       text33       000000
__Ltext34                       text34       000000
__Ltext35                       text35       000000
__Ltext36                       text36       000000
__Ltext37                       text37       000000
__Ltext38                       text38       000000
__Ltext39                       text39       000000
__Ltext4                        text4        000000
__Ltext40                       text40       000000
__Ltext41                       text41       000000
__Ltext42                       text42       000000
__Ltext43                       text43       000000
__Ltext45                       text45       000000
__Ltext46                       text46       000000
__Ltext47                       text47       000000
__Ltext5                        text5        000000
__Ltext6                        text6        000000
__Ltext7                        text7        000000
__Ltext8                        text8        000000
__Ltext9                        text9        000000
__S0                            (abs)        30000E
__S1                            (abs)        000192
__S2                            (abs)        000000
___awdiv                        text26       00336A
___awdiv@counter                cstackCOMRAM 000010
___awdiv@dividend               cstackCOMRAM 00000C
___awdiv@divisor                cstackCOMRAM 00000E
___awdiv@quotient               cstackCOMRAM 000012
___awdiv@sign                   cstackCOMRAM 000011
___awmod                        text25       003534
___awmod@counter                cstackCOMRAM 000010
___awmod@dividend               cstackCOMRAM 00000C
___awmod@divisor                cstackCOMRAM 00000E
___awmod@sign                   cstackCOMRAM 000011
___fladd                        text19       00134A
___fladd@a                      cstackCOMRAM 000010
___fladd@aexp                   cstackCOMRAM 00001D
___fladd@b                      cstackCOMRAM 00000C
___fladd@bexp                   cstackCOMRAM 00001E
___fladd@grs                    cstackCOMRAM 00001F
___fladd@signs                  cstackCOMRAM 00001C
___fldiv                        text24       00225E
___fldiv@a                      cstackCOMRAM 000037
___fldiv@aexp                   cstackCOMRAM 00004B
___fldiv@b                      cstackCOMRAM 000033
___fldiv@bexp                   cstackCOMRAM 00004A
___fldiv@grs                    cstackCOMRAM 000046
___fldiv@new_exp                cstackCOMRAM 000044
___fldiv@rem                    cstackCOMRAM 00003F
___fldiv@sign                   cstackCOMRAM 000043
___fleq                         text23       0037B6
___fleq@ff1                     cstackCOMRAM 00000C
___fleq@ff2                     cstackCOMRAM 000010
___flge                         text22       002EA6
___flge@ff1                     cstackCOMRAM 000033
___flge@ff2                     cstackCOMRAM 000037
___flmul                        text21       001DF0
___flmul@a                      cstackCOMRAM 00001E
___flmul@aexp                   cstackCOMRAM 000027
___flmul@b                      cstackCOMRAM 00001A
___flmul@bexp                   cstackCOMRAM 00002C
___flmul@grs                    cstackCOMRAM 000028
___flmul@prod                   cstackCOMRAM 00002D
___flmul@sign                   cstackCOMRAM 000026
___flmul@temp                   cstackCOMRAM 000031
___flneg                        text20       003D7A
___flneg@f1                     cstackCOMRAM 00000C
___flsub                        text18       003CA2
___flsub@a                      cstackCOMRAM 000037
___flsub@b                      cstackCOMRAM 000033
___fltol                        text17       00300E
___fltol@exp1                   cstackCOMRAM 000015
___fltol@f1                     cstackCOMRAM 00000C
___fltol@sign1                  cstackCOMRAM 000014
___fpclassifyf                  text16       003160
___fpclassifyf@F459             bssBANK0     0000EC
___fpclassifyf@e                cstackCOMRAM 000014
___fpclassifyf@u                cstackCOMRAM 000016
___fpclassifyf@x                cstackCOMRAM 00000C
___inthi_sp                     stack        000000
___intlo_sp                     stack        000000
___param_bank                   (abs)        000000
___rparam_used                  (abs)        000001
___sp                           stack        000000
___wmul                         text30       003E64
___wmul@multiplicand            cstackCOMRAM 00000E
___wmul@multiplier              cstackCOMRAM 00000C
___wmul@product                 cstackCOMRAM 000010
___xxtofl                       text31       002CCA
___xxtofl@arg                   cstackCOMRAM 000016
___xxtofl@exp                   cstackCOMRAM 000015
___xxtofl@sign                  cstackCOMRAM 000014
___xxtofl@val                   cstackCOMRAM 00000C
__accesstop                     (abs)        000080
__activetblptr                  (abs)        000002
__end_of_ADC_Initialize         text37       003F44
__end_of_ADC_Read               text43       003D7A
__end_of_CCP1_Initialize        text36       003F74
__end_of_ClearBuffer            text42       003A7E
__end_of_GetString              text41       003F68
__end_of_Hi_ISR                 intcode_body 003EB6
__end_of_INTERRUPT_Initialize   text35       003F84
__end_of_Lo_ISR                 intcodelo    000078
__end_of_Mode1                  text38       003F5A
__end_of_MyusartRead            text45       003D34
__end_of_OSCILLATOR_Initialize  text34       003F7C
__end_of_SYSTEM_Initialize      text32       003F2C
__end_of_UART_Initialize        text33       003ED8
__end_of_UART_Write             text40       003EF6
__end_of_UART_Write_Text        text39       003994
__end_of___awdiv                text26       003456
__end_of___awmod                text25       00360C
__end_of___fladd                text19       0018CE
__end_of___fldiv                text24       00267E
__end_of___fleq                 text23       003870
__end_of___flge                 text22       00300E
__end_of___flmul                text21       00225E
__end_of___flneg                text20       003DBA
__end_of___flsub                text18       003CEC
__end_of___fltol                text17       003160
__end_of___fpclassifyf          text16       00326E
__end_of___wmul                 text30       003E8E
__end_of___xxtofl               text31       002EA6
__end_of__initialization        cinit        003E56
__end_of_atoi                   text27       002ABE
__end_of_efgtoa                 text6        00134A
__end_of_floorf                 text15       0028B0
__end_of_fputc                  text13       003534
__end_of_fputs                  text12       003CA2
__end_of_isdigit                text29       003E32
__end_of_isspace                text28       003C04
__end_of_isupper                text8        003DF6
__end_of_main                   text0        002CCA
__end_of_pad                    text10       0037B6
__end_of_putch                  text14       003F86
__end_of_sprintf                text2        003BAA
__end_of_strcpy                 text9        003AE6
__end_of_strlen                 text11       003C56
__end_of_strncmp                text5        00336A
__end_of_strncpy                text1        003908
__end_of_tolower                text7        003A14
__end_of_vfpfcnvrt              text4        001DF0
__end_of_vfprintf               text3        003B4C
__end_ofi1_UART_Write           text47       003F14
__end_ofi1___awmod              text46       0036E4
__initialization                cinit        003E32
__mediumconst                   mediumconst  000000
__pbssBANK0                     bssBANK0     0000E8
__pbssBANK1                     bssBANK1     000100
__pbssCOMRAM                    bssCOMRAM    00006C
__pcinit                        cinit        003E32
__pcstackBANK0                  cstackBANK0  000080
__pcstackBANK1                  cstackBANK1  000182
__pcstackCOMRAM                 cstackCOMRAM 000001
__pintcode                      intcode      000008
__pintcode_body                 intcode_body 003E8E
__pintcodelo                    intcodelo    000018
__psmallconst                   smallconst   000600
__ptext0                        text0        002ABE
__ptext1                        text1        003870
__ptext10                       text10       0036E4
__ptext11                       text11       003C04
__ptext12                       text12       003C56
__ptext13                       text13       003456
__ptext14                       text14       003F84
__ptext15                       text15       00267E
__ptext16                       text16       003160
__ptext17                       text17       00300E
__ptext18                       text18       003CA2
__ptext19                       text19       00134A
__ptext2                        text2        003B4C
__ptext20                       text20       003D7A
__ptext21                       text21       001DF0
__ptext22                       text22       002EA6
__ptext23                       text23       0037B6
__ptext24                       text24       00225E
__ptext25                       text25       003534
__ptext26                       text26       00336A
__ptext27                       text27       0028B0
__ptext28                       text28       003BAA
__ptext29                       text29       003DF6
__ptext3                        text3        003AE6
__ptext30                       text30       003E64
__ptext31                       text31       002CCA
__ptext32                       text32       003F14
__ptext33                       text33       003EB6
__ptext34                       text34       003F74
__ptext35                       text35       003F7C
__ptext36                       text36       003F68
__ptext37                       text37       003F2C
__ptext38                       text38       003F44
__ptext39                       text39       003908
__ptext4                        text4        0018CE
__ptext40                       text40       003ED8
__ptext41                       text41       003F5A
__ptext42                       text42       003A14
__ptext43                       text43       003D34
__ptext45                       text45       003CEC
__ptext46                       text46       00360C
__ptext47                       text47       003EF6
__ptext5                        text5        00326E
__ptext6                        text6        000626
__ptext7                        text7        003994
__ptext8                        text8        003DBA
__ptext9                        text9        003A7E
__ramtop                        ramtop       000600
__size_of_ADC_Initialize        (abs)        000000
__size_of_ADC_Read              (abs)        000000
__size_of_CCP1_Initialize       (abs)        000000
__size_of_ClearBuffer           (abs)        000000
__size_of_GetString             (abs)        000000
__size_of_Hi_ISR                (abs)        000000
__size_of_INTERRUPT_Initialize  (abs)        000000
__size_of_Lo_ISR                (abs)        000000
__size_of_Mode1                 (abs)        000000
__size_of_MyusartRead           (abs)        000000
__size_of_OSCILLATOR_Initialize (abs)        000000
__size_of_SYSTEM_Initialize     (abs)        000000
__size_of_UART_Initialize       (abs)        000000
__size_of_UART_Write            (abs)        000000
__size_of_UART_Write_Text       (abs)        000000
__size_of___awdiv               (abs)        000000
__size_of___awmod               (abs)        000000
__size_of___fladd               (abs)        000000
__size_of___fldiv               (abs)        000000
__size_of___fleq                (abs)        000000
__size_of___flge                (abs)        000000
__size_of___flmul               (abs)        000000
__size_of___flneg               (abs)        000000
__size_of___flsub               (abs)        000000
__size_of___fltol               (abs)        000000
__size_of___fpclassifyf         (abs)        000000
__size_of___wmul                (abs)        000000
__size_of___xxtofl              (abs)        000000
__size_of_atoi                  (abs)        000000
__size_of_efgtoa                (abs)        000000
__size_of_floorf                (abs)        000000
__size_of_fputc                 (abs)        000000
__size_of_fputs                 (abs)        000000
__size_of_isdigit               (abs)        000000
__size_of_isspace               (abs)        000000
__size_of_isupper               (abs)        000000
__size_of_main                  (abs)        000000
__size_of_pad                   (abs)        000000
__size_of_putch                 (abs)        000000
__size_of_sprintf               (abs)        000000
__size_of_strcpy                (abs)        000000
__size_of_strlen                (abs)        000000
__size_of_strncmp               (abs)        000000
__size_of_strncpy               (abs)        000000
__size_of_tolower               (abs)        000000
__size_of_vfpfcnvrt             (abs)        000000
__size_of_vfprintf              (abs)        000000
__size_ofi1_UART_Write          (abs)        000000
__size_ofi1___awmod             (abs)        000000
__smallconst                    smallconst   000600
_atoi                           text27       0028B0
_atoi$1460                      cstackCOMRAM 00001B
_atoi$1461                      cstackCOMRAM 00001F
_atoi$1462                      cstackCOMRAM 00001D
_dbuf                           bssBANK1     00010A
_efgtoa                         text6        000626
_efgtoa$959                     cstackBANK0  000084
_efgtoa$960                     cstackBANK0  000086
_efgtoa$965                     cstackBANK0  000088
_efgtoa$969                     cstackBANK0  00008A
_efgtoa$970                     cstackBANK0  00008C
_efgtoa$971                     cstackBANK0  00008E
_flags                          bssCOMRAM    000070
_floorf                         text15       00267E
_fputc                          text13       003456
_fputs                          text12       003C56
_isdigit                        text29       003DF6
_isspace                        text28       003BAA
_isspace$1491                   cstackCOMRAM 000012
_isupper                        text8        003DBA
_lenStr                         bssCOMRAM    000072
_main                           text0        002ABE
_mystring                       bssBANK1     00016E
_nout                           bssBANK0     0000F0
_pad                            text10       0036E4
_prec                           bssCOMRAM    00006E
_putch                          text14       003F84
_sprintf                        text2        003B4C
_str                            bssBANK1     00015A
_strcpy                         text9        003A7E
_strlen                         text11       003C04
_strncmp                        text5        00326E
_strncpy                        text1        003870
_tolower                        text7        003994
_tolower$1583                   cstackCOMRAM 000018
_vfpfcnvrt                      text4        0018CE
_vfpfcnvrt$985                  cstackBANK0  0000C2
_vfpfcnvrt$989                  cstackBANK0  0000C4
_vfprintf                       text3        003AE6
_width                          bssCOMRAM    00006C
atoi@n                          cstackCOMRAM 000020
atoi@neg                        cstackCOMRAM 000019
atoi@s                          cstackCOMRAM 000013
btemp                           temp         000074
efgtoa@c                        cstackCOMRAM 000066
efgtoa@d                        cstackBANK0  000098
efgtoa@e                        cstackBANK0  0000B0
efgtoa@f                        cstackCOMRAM 000062
efgtoa@fp                       cstackCOMRAM 000060
efgtoa@g                        cstackBANK0  0000AC
efgtoa@h                        cstackBANK0  0000A2
efgtoa@i                        cstackBANK0  0000AA
efgtoa@l                        cstackBANK0  0000A6
efgtoa@m                        cstackBANK0  000094
efgtoa@mode                     cstackBANK0  0000A1
efgtoa@n                        cstackBANK0  0000B2
efgtoa@ne                       cstackBANK0  000096
efgtoa@nmode                    cstackBANK0  00009E
efgtoa@ou                       cstackBANK0  000080
efgtoa@p                        cstackBANK0  00009C
efgtoa@pp                       cstackBANK0  000092
efgtoa@sign                     cstackBANK0  00009A
efgtoa@t                        cstackBANK0  000090
efgtoa@u                        cstackBANK0  0000B4
efgtoa@w                        cstackBANK0  00009F
end_of_initialization           cinit        003E56
floorf@F520                     bssBANK0     0000E8
floorf@e                        cstackCOMRAM 00005A
floorf@m                        cstackCOMRAM 000056
floorf@u                        cstackCOMRAM 00005C
floorf@x                        cstackCOMRAM 00004C
fputc@c                         cstackCOMRAM 00000C
fputc@fp                        cstackCOMRAM 00000E
fputs@c                         cstackCOMRAM 000019
fputs@fp                        cstackCOMRAM 000017
fputs@i                         cstackCOMRAM 00001A
fputs@s                         cstackCOMRAM 000015
i1UART_Write@data               cstackCOMRAM 000001
i1_UART_Write                   text47       003EF6
i1___awmod                      text46       00360C
i1___awmod@counter              cstackCOMRAM 000005
i1___awmod@dividend             cstackCOMRAM 000001
i1___awmod@divisor              cstackCOMRAM 000003
i1___awmod@sign                 cstackCOMRAM 000006
int$flags                       temp         000074
int_func                        intcode_body 003E8E
intlevel0                       text         000000
intlevel1                       text         000000
intlevel2                       text         000000
intlevel3                       text         000000
isdigit@c                       cstackCOMRAM 00000C
isspace@c                       cstackCOMRAM 00000C
isupper@c                       cstackCOMRAM 00000C
main@F3030                      bssBANK1     000100
main@data                       cstackBANK1  000190
main@out                        cstackBANK1  00018C
main@yee                        cstackBANK1  000182
pad@buf                         cstackCOMRAM 00001E
pad@fp                          cstackCOMRAM 00001C
pad@i                           cstackCOMRAM 000023
pad@p                           cstackCOMRAM 000020
pad@w                           cstackCOMRAM 000025
sprintf@ap                      cstackBANK0  0000E0
sprintf@f                       cstackBANK0  0000E2
sprintf@fmt                     cstackBANK0  0000D8
sprintf@ret                     cstackBANK0  0000DE
sprintf@s                       cstackBANK0  0000D6
stackhi                         (abs)        0005F3
stacklo                         (abs)        000192
start                           init         000078
start_initialization            cinit        003E32
strcpy@d                        cstackCOMRAM 000014
strcpy@dest                     cstackCOMRAM 00000C
strcpy@s                        cstackCOMRAM 000012
strcpy@src                      cstackCOMRAM 00000E
strlen@a                        cstackCOMRAM 000010
strlen@s                        cstackCOMRAM 00000C
strncmp@_l                      cstackCOMRAM 00000C
strncmp@_r                      cstackCOMRAM 00000E
strncmp@l                       cstackCOMRAM 000015
strncmp@n                       cstackCOMRAM 000010
strncmp@r                       cstackCOMRAM 000017
strncpy@cp                      cstackCOMRAM 000014
strncpy@d                       cstackCOMRAM 00000E
strncpy@n                       cstackCOMRAM 000012
strncpy@s                       cstackCOMRAM 000010
tolower@c                       cstackCOMRAM 000012
ttemp5                          temp         000075
ttemp6                          temp         000078
ttemp7                          temp         00007C
vfpfcnvrt@ap                    cstackBANK0  0000BC
vfpfcnvrt@c                     cstackBANK0  0000CD
vfpfcnvrt@ct                    cstackBANK0  0000CA
vfpfcnvrt@f                     cstackBANK0  0000C6
vfpfcnvrt@fmt                   cstackBANK0  0000BA
vfpfcnvrt@fp                    cstackBANK0  0000B8
vfprintf@ap                     cstackBANK0  0000D2
vfprintf@cfmt                   cstackBANK0  0000D4
vfprintf@fmt                    cstackBANK0  0000D0
vfprintf@fp                     cstackBANK0  0000CE
wtemp8                          temp         000075


FUNCTION INFORMATION:

 *************** function _main *****************
 Defined at:
		line 12 in file "main.c"
 Parameters:    Size  Location     Type
		None
 Auto vars:     Size  Location     Type
  yee            10    0[BANK1 ] unsigned char [10]
  out             4   10[BANK1 ] float 
  data            2   14[BANK1 ] int 
 Return value:  Size  Location     Type
                  1    wreg      void 
 Registers used:
		wreg, fsr1l, fsr1h, fsr2l, fsr2h, status,2, status,0, tblptrl, tblptrh, tblptru, prodl, prodh, cstack
 Tracked objects:
		On entry : 
		On exit  : 
		Unchanged: 
 Data sizes:     COMRAM   BANK0   BANK1   BANK2   BANK3   BANK4   BANK5
      Params:         0       0       0       0       0       0       0
      Locals:         0       0      16       0       0       0       0
      Temps:          0       0       0       0       0       0       0
      Totals:         0       0      16       0       0       0       0
Total ram usage:       16 bytes
 Hardware stack levels required when called:   12
 This function calls:
		_ADC_Read
		_ClearBuffer
		_GetString
		_Mode1
		_SYSTEM_Initialize
		_UART_Write_Text
		___fldiv
		___flmul
		___xxtofl
		_sprintf
		_strncpy
 This function is called by:
		Startup code after reset
 This function uses a non-reentrant model


 *************** function _strncpy *****************
 Defined at:
		line 7 in file "C:\Program Files (x86)\Microchip\xc8\v2.00\pic\sources\c99\common\strncpy.c"
 Parameters:    Size  Location     Type
  d               2   13[COMRAM] PTR unsigned char 
		 -> str(20), 
  s               2   15[COMRAM] PTR const unsigned char 
		 -> mystring(20), 
  n               2   17[COMRAM] unsigned int 
 Auto vars:     Size  Location     Type
  cp              2   19[COMRAM] PTR unsigned char 
		 -> str(20), 
 Return value:  Size  Location     Type
                  2   13[COMRAM] PTR unsigned char 
 Registers used:
		wreg, fsr1l, fsr1h, fsr2l, fsr2h, status,2, status,0
 Tracked objects:
		On entry : 
		On exit  : 
		Unchanged: 
 Data sizes:     COMRAM   BANK0   BANK1   BANK2   BANK3   BANK4   BANK5
      Params:         6       0       0       0       0       0       0
      Locals:         2       0       0       0       0       0       0
      Temps:          0       0       0       0       0       0       0
      Totals:         8       0       0       0       0       0       0
Total ram usage:        8 bytes
 Hardware stack levels used:    1
 Hardware stack levels required when called:    4
 This function calls:
		Nothing
 This function is called by:
		_main
 This function uses a non-reentrant model


 *************** function _sprintf *****************
 Defined at:
		line 9 in file "C:\Program Files (x86)\Microchip\xc8\v2.00\pic\sources\c99\common\nf_sprintf.c"
 Parameters:    Size  Location     Type
  s               2   86[BANK0 ] PTR unsigned char 
		 -> main@yee(10), 
  fmt             2   88[BANK0 ] PTR const unsigned char 
		 -> STR_1(5), 
 Auto vars:     Size  Location     Type
  f               6   98[BANK0 ] struct _IO_FILE
  ap              2   96[BANK0 ] PTR void [1]
		 -> ?_sprintf(2), 
  ret             2   94[BANK0 ] int 
 Return value:  Size  Location     Type
                  2   86[BANK0 ] int 
 Registers used:
		wreg, fsr1l, fsr1h, fsr2l, fsr2h, status,2, status,0, tblptrl, tblptrh, tblptru, prodl, prodh, cstack
 Tracked objects:
		On entry : 
		On exit  : 
		Unchanged: 
 Data sizes:     COMRAM   BANK0   BANK1   BANK2   BANK3   BANK4   BANK5
      Params:         0       8       0       0       0       0       0
      Locals:         0      10       0       0       0       0       0
      Temps:          0       0       0       0       0       0       0
      Totals:         0      18       0       0       0       0       0
Total ram usage:       18 bytes
 Hardware stack levels used:    1
 Hardware stack levels required when called:   11
 This function calls:
		_vfprintf
 This function is called by:
		_main
 This function uses a non-reentrant model


 *************** function _vfprintf *****************
 Defined at:
		line 1368 in file "C:\Program Files (x86)\Microchip\xc8\v2.00\pic\sources\c99\common\doprnt.c"
 Parameters:    Size  Location     Type
  fp              2   78[BANK0 ] PTR struct _IO_FILE
		 -> sprintf@f(6), 
  fmt             2   80[BANK0 ] PTR const unsigned char 
		 -> STR_1(5), 
  ap              2   82[BANK0 ] PTR PTR void 
		 -> sprintf@ap(2), 
 Auto vars:     Size  Location     Type
  cfmt            2   84[BANK0 ] PTR unsigned char 
		 -> STR_1(5), 
 Return value:  Size  Location     Type
                  2   78[BANK0 ] int 
 Registers used:
		wreg, fsr1l, fsr1h, fsr2l, fsr2h, status,2, status,0, tblptrl, tblptrh, tblptru, prodl, prodh, cstack
 Tracked objects:
		On entry : 
		On exit  : 
		Unchanged: 
 Data sizes:     COMRAM   BANK0   BANK1   BANK2   BANK3   BANK4   BANK5
      Params:         0       6       0       0       0       0       0
      Locals:         0       2       0       0       0       0       0
      Temps:          0       0       0       0       0       0       0
      Totals:         0       8       0       0       0       0       0
Total ram usage:        8 bytes
 Hardware stack levels used:    1
 Hardware stack levels required when called:   10
 This function calls:
		_vfpfcnvrt
 This function is called by:
		_sprintf
 This function uses a non-reentrant model


 *************** function _vfpfcnvrt *****************
 Defined at:
		line 670 in file "C:\Program Files (x86)\Microchip\xc8\v2.00\pic\sources\c99\common\doprnt.c"
 Parameters:    Size  Location     Type
  fp              2   56[BANK0 ] PTR struct _IO_FILE
		 -> sprintf@f(6), 
  fmt             2   58[BANK0 ] PTR PTR unsigned char 
		 -> vfprintf@cfmt(2), 
  ap              2   60[BANK0 ] PTR PTR void 
		 -> sprintf@ap(2), 
 Auto vars:     Size  Location     Type
  llu             8    0        unsigned long long 
  ll              8    0        long long 
  f               4   70[BANK0 ] long long 
  ct              3   74[BANK0 ] unsigned char [3]
  vp              3    0        PTR void 
  cp              3    0        PTR unsigned char 
  i               2    0        int 
  done            2    0        int 
  c               1   77[BANK0 ] unsigned char 
 Return value:  Size  Location     Type
                  2   56[BANK0 ] int 
 Registers used:
		wreg, fsr1l, fsr1h, fsr2l, fsr2h, status,2, status,0, tblptrl, tblptrh, tblptru, prodl, prodh, cstack
 Tracked objects:
		On entry : 
		On exit  : 
		Unchanged: 
 Data sizes:     COMRAM   BANK0   BANK1   BANK2   BANK3   BANK4   BANK5
      Params:         0       6       0       0       0       0       0
      Locals:         0      12       0       0       0       0       0
      Temps:          0       4       0       0       0       0       0
      Totals:         0      22       0       0       0       0       0
Total ram usage:       22 bytes
 Hardware stack levels used:    1
 Hardware stack levels required when called:    9
 This function calls:
		_atoi
		_efgtoa
		_fputc
		_isdigit
		_isupper
		_strncmp
		_tolower
 This function is called by:
		_vfprintf
 This function uses a non-reentrant model


 *************** function _strncmp *****************
 Defined at:
		line 3 in file "C:\Program Files (x86)\Microchip\xc8\v2.00\pic\sources\c99\common\strncmp.c"
 Parameters:    Size  Location     Type
  _l              2   11[COMRAM] PTR const unsigned char 
		 -> vfpfcnvrt@ct(3), 
  _r              2   13[COMRAM] PTR const unsigned char 
		 -> STR_13(3), 
  n               2   15[COMRAM] unsigned int 
 Auto vars:     Size  Location     Type
  r               2   22[COMRAM] PTR const unsigned char 
		 -> STR_13(3), 
  l               2   20[COMRAM] PTR const unsigned char 
		 -> vfpfcnvrt@ct(3), 
 Return value:  Size  Location     Type
                  2   11[COMRAM] int 
 Registers used:
		wreg, fsr2l, fsr2h, status,2, status,0, tblptrl, tblptrh, tblptru
 Tracked objects:
		On entry : 
		On exit  : 
		Unchanged: 
 Data sizes:     COMRAM   BANK0   BANK1   BANK2   BANK3   BANK4   BANK5
      Params:         6       0       0       0       0       0       0
      Locals:         4       0       0       0       0       0       0
      Temps:          3       0       0       0       0       0       0
      Totals:        13       0       0       0       0       0       0
Total ram usage:       13 bytes
 Hardware stack levels used:    1
 Hardware stack levels required when called:    4
 This function calls:
		Nothing
 This function is called by:
		_vfpfcnvrt
 This function uses a non-reentrant model


 *************** function _efgtoa *****************
 Defined at:
		line 319 in file "C:\Program Files (x86)\Microchip\xc8\v2.00\pic\sources\c99\common\doprnt.c"
 Parameters:    Size  Location     Type
  fp              2   95[COMRAM] PTR struct _IO_FILE
		 -> sprintf@f(6), 
  f               4   97[COMRAM] PTR struct _IO_FILE
  c               1  101[COMRAM] unsigned char 
 Auto vars:     Size  Location     Type
  u               4   52[BANK0 ] unsigned char 
  g               4   44[BANK0 ] unsigned char 
  l               4   38[BANK0 ] unsigned char 
  h               4   34[BANK0 ] unsigned char 
  ou              4    0[BANK0 ] unsigned char 
  n               2   50[BANK0 ] int 
  e               2   48[BANK0 ] int 
  i               2   42[BANK0 ] int 
  w               2   31[BANK0 ] int 
  p               2   28[BANK0 ] int 
  sign            2   26[BANK0 ] int 
  d               2   24[BANK0 ] int 
  ne              2   22[BANK0 ] int 
  m               2   20[BANK0 ] int 
  pp              2   18[BANK0 ] int 
  t               2   16[BANK0 ] int 
  mode            1   33[BANK0 ] unsigned char 
  nmode           1   30[BANK0 ] unsigned char 
 Return value:  Size  Location     Type
                  2   95[COMRAM] int 
 Registers used:
		wreg, fsr1l, fsr1h, fsr2l, fsr2h, status,2, status,0, tblptrl, tblptrh, tblptru, prodl, prodh, cstack
 Tracked objects:
		On entry : 
		On exit  : 
		Unchanged: 
 Data sizes:     COMRAM   BANK0   BANK1   BANK2   BANK3   BANK4   BANK5
      Params:         7       0       0       0       0       0       0
      Locals:         0      56       0       0       0       0       0
      Temps:          5       0       0       0       0       0       0
      Totals:        12      56       0       0       0       0       0
Total ram usage:       68 bytes
 Hardware stack levels used:    1
 Hardware stack levels required when called:    8
 This function calls:
		___awdiv
		___awmod
		___fladd
		___fldiv
		___fleq
		___flge
		___flmul
		___flneg
		___flsub
		___fltol
		___fpclassifyf
		_floorf
		_isupper
		_pad
		_strcpy
		_tolower
 This function is called by:
		_vfpfcnvrt
 This function uses a non-reentrant model


 *************** function _tolower *****************
 Defined at:
		line 4 in file "C:\Program Files (x86)\Microchip\xc8\v2.00\pic\sources\c99\common\tolower.c"
 Parameters:    Size  Location     Type
  c               2   17[COMRAM] int 
 Auto vars:     Size  Location     Type
		None
 Return value:  Size  Location     Type
                  2   17[COMRAM] int 
 Registers used:
		wreg, status,2, status,0, cstack
 Tracked objects:
		On entry : 
		On exit  : 
		Unchanged: 
 Data sizes:     COMRAM   BANK0   BANK1   BANK2   BANK3   BANK4   BANK5
      Params:         2       0       0       0       0       0       0
      Locals:         2       0       0       0       0       0       0
      Temps:          4       0       0       0       0       0       0
      Totals:         8       0       0       0       0       0       0
Total ram usage:        8 bytes
 Hardware stack levels used:    1
 Hardware stack levels required when called:    5
 This function calls:
		_isupper
 This function is called by:
		_efgtoa
		_vfpfcnvrt
 This function uses a non-reentrant model


 *************** function _isupper *****************
 Defined at:
		line 5 in file "C:\Program Files (x86)\Microchip\xc8\v2.00\pic\sources\c99\common\isupper.c"
 Parameters:    Size  Location     Type
  c               2   11[COMRAM] int 
 Auto vars:     Size  Location     Type
		None
 Return value:  Size  Location     Type
                  2   11[COMRAM] int 
 Registers used:
		wreg, status,2, status,0
 Tracked objects:
		On entry : 
		On exit  : 
		Unchanged: 
 Data sizes:     COMRAM   BANK0   BANK1   BANK2   BANK3   BANK4   BANK5
      Params:         2       0       0       0       0       0       0
      Locals:         0       0       0       0       0       0       0
      Temps:          4       0       0       0       0       0       0
      Totals:         6       0       0       0       0       0       0
Total ram usage:        6 bytes
 Hardware stack levels used:    1
 Hardware stack levels required when called:    4
 This function calls:
		Nothing
 This function is called by:
		_efgtoa
		_vfpfcnvrt
		_tolower
 This function uses a non-reentrant model


 *************** function _strcpy *****************
 Defined at:
		line 7 in file "C:\Program Files (x86)\Microchip\xc8\v2.00\pic\sources\c99\common\strcpy.c"
 Parameters:    Size  Location     Type
  dest            2   11[COMRAM] PTR unsigned char 
		 -> dbuf(80), 
  src             2   13[COMRAM] PTR const unsigned char 
		 -> STR_8(4), STR_7(4), STR_4(4), STR_3(4), 
		 -> dbuf(80), 
 Auto vars:     Size  Location     Type
  d               2   19[COMRAM] PTR unsigned char 
		 -> dbuf(80), 
  s               2   17[COMRAM] PTR const unsigned char 
		 -> STR_8(4), STR_7(4), STR_4(4), STR_3(4), 
		 -> dbuf(80), 
 Return value:  Size  Location     Type
                  2   11[COMRAM] PTR unsigned char 
 Registers used:
		wreg, fsr1l, fsr1h, fsr2l, fsr2h, status,2, status,0, tblptrl, tblptrh, tblptru
 Tracked objects:
		On entry : 
		On exit  : 
		Unchanged: 
 Data sizes:     COMRAM   BANK0   BANK1   BANK2   BANK3   BANK4   BANK5
      Params:         4       0       0       0       0       0       0
      Locals:         4       0       0       0       0       0       0
      Temps:          2       0       0       0       0       0       0
      Totals:        10       0       0       0       0       0       0
Total ram usage:       10 bytes
 Hardware stack levels used:    1
 Hardware stack levels required when called:    4
 This function calls:
		Nothing
 This function is called by:
		_efgtoa
 This function uses a non-reentrant model


 *************** function _pad *****************
 Defined at:
		line 72 in file "C:\Program Files (x86)\Microchip\xc8\v2.00\pic\sources\c99\common\doprnt.c"
 Parameters:    Size  Location     Type
  fp              2   27[COMRAM] PTR struct _IO_FILE
		 -> sprintf@f(6), 
  buf             2   29[COMRAM] PTR unsigned char 
		 -> dbuf(80), 
  p               2   31[COMRAM] int 
 Auto vars:     Size  Location     Type
  w               2   36[COMRAM] int 
  i               2   34[COMRAM] int 
 Return value:  Size  Location     Type
                  2   27[COMRAM] int 
 Registers used:
		wreg, fsr1l, fsr1h, fsr2l, fsr2h, status,2, status,0, cstack
 Tracked objects:
		On entry : 
		On exit  : 
		Unchanged: 
 Data sizes:     COMRAM   BANK0   BANK1   BANK2   BANK3   BANK4   BANK5
      Params:         6       0       0       0       0       0       0
      Locals:         4       0       0       0       0       0       0
      Temps:          1       0       0       0       0       0       0
      Totals:        11       0       0       0       0       0       0
Total ram usage:       11 bytes
 Hardware stack levels used:    1
 Hardware stack levels required when called:    7
 This function calls:
		_fputc
		_fputs
		_strlen
 This function is called by:
		_efgtoa
 This function uses a non-reentrant model


 *************** function _strlen *****************
 Defined at:
		line 12 in file "C:\Program Files (x86)\Microchip\xc8\v2.00\pic\sources\c99\common\strlen.c"
 Parameters:    Size  Location     Type
  s               2   11[COMRAM] PTR const unsigned char 
		 -> dbuf(80), 
 Auto vars:     Size  Location     Type
  a               2   15[COMRAM] PTR const unsigned char 
		 -> dbuf(80), 
 Return value:  Size  Location     Type
                  2   11[COMRAM] unsigned int 
 Registers used:
		wreg, fsr2l, fsr2h, status,2, status,0
 Tracked objects:
		On entry : 
		On exit  : 
		Unchanged: 
 Data sizes:     COMRAM   BANK0   BANK1   BANK2   BANK3   BANK4   BANK5
      Params:         2       0       0       0       0       0       0
      Locals:         2       0       0       0       0       0       0
      Temps:          2       0       0       0       0       0       0
      Totals:         6       0       0       0       0       0       0
Total ram usage:        6 bytes
 Hardware stack levels used:    1
 Hardware stack levels required when called:    4
 This function calls:
		Nothing
 This function is called by:
		_pad
 This function uses a non-reentrant model


 *************** function _fputs *****************
 Defined at:
		line 8 in file "C:\Program Files (x86)\Microchip\xc8\v2.00\pic\sources\c99\common\nf_fputs.c"
 Parameters:    Size  Location     Type
  s               2   20[COMRAM] PTR const unsigned char 
		 -> dbuf(80), 
  fp              2   22[COMRAM] PTR struct _IO_FILE
		 -> sprintf@f(6), 
 Auto vars:     Size  Location     Type
  i               2   25[COMRAM] int 
  c               1   24[COMRAM] unsigned char 
 Return value:  Size  Location     Type
                  2   20[COMRAM] int 
 Registers used:
		wreg, fsr1l, fsr1h, fsr2l, fsr2h, status,2, status,0, cstack
 Tracked objects:
		On entry : 
		On exit  : 
		Unchanged: 
 Data sizes:     COMRAM   BANK0   BANK1   BANK2   BANK3   BANK4   BANK5
      Params:         4       0       0       0       0       0       0
      Locals:         3       0       0       0       0       0       0
      Temps:          0       0       0       0       0       0       0
      Totals:         7       0       0       0       0       0       0
Total ram usage:        7 bytes
 Hardware stack levels used:    1
 Hardware stack levels required when called:    6
 This function calls:
		_fputc
 This function is called by:
		_pad
 This function uses a non-reentrant model


 *************** function _fputc *****************
 Defined at:
		line 8 in file "C:\Program Files (x86)\Microchip\xc8\v2.00\pic\sources\c99\common\nf_fputc.c"
 Parameters:    Size  Location     Type
  c               2   11[COMRAM] int 
  fp              2   13[COMRAM] PTR struct _IO_FILE
		 -> sprintf@f(6), 
 Auto vars:     Size  Location     Type
		None
 Return value:  Size  Location     Type
                  2   11[COMRAM] int 
 Registers used:
		wreg, fsr1l, fsr1h, fsr2l, fsr2h, status,2, status,0, cstack
 Tracked objects:
		On entry : 
		On exit  : 
		Unchanged: 
 Data sizes:     COMRAM   BANK0   BANK1   BANK2   BANK3   BANK4   BANK5
      Params:         4       0       0       0       0       0       0
      Locals:         0       0       0       0       0       0       0
      Temps:          5       0       0       0       0       0       0
      Totals:         9       0       0       0       0       0       0
Total ram usage:        9 bytes
 Hardware stack levels used:    1
 Hardware stack levels required when called:    5
 This function calls:
		_putch
 This function is called by:
		_pad
		_vfpfcnvrt
		_fputs
 This function uses a non-reentrant model


 *************** function _putch *****************
 Defined at:
		line 7 in file "C:\Program Files (x86)\Microchip\xc8\v2.00\pic\sources\c99\common\putch.c"
 Parameters:    Size  Location     Type
  c               1    wreg     unsigned char 
 Auto vars:     Size  Location     Type
  c               1    0[COMRAM] unsigned char 
 Return value:  Size  Location     Type
                  1    wreg      void 
 Registers used:
		wreg
 Tracked objects:
		On entry : 
		On exit  : 
		Unchanged: 
 Data sizes:     COMRAM   BANK0   BANK1   BANK2   BANK3   BANK4   BANK5
      Params:         0       0       0       0       0       0       0
      Locals:         0       0       0       0       0       0       0
      Temps:          0       0       0       0       0       0       0
      Totals:         0       0       0       0       0       0       0
Total ram usage:        0 bytes
 Hardware stack levels used:    1
 Hardware stack levels required when called:    4
 This function calls:
		Nothing
 This function is called by:
		_fputc
 This function uses a non-reentrant model


 *************** function _floorf *****************
 Defined at:
		line 3 in file "C:\Program Files (x86)\Microchip\xc8\v2.00\pic\sources\c99\common\floorf.c"
 Parameters:    Size  Location     Type
  x               4   75[COMRAM] float 
 Auto vars:     Size  Location     Type
  u               4   91[COMRAM] struct .
  m               4   85[COMRAM] unsigned long 
  e               2   89[COMRAM] int 
 Return value:  Size  Location     Type
                  4   75[COMRAM] float 
 Registers used:
		wreg, status,2, status,0
 Tracked objects:
		On entry : 
		On exit  : 
		Unchanged: 
 Data sizes:     COMRAM   BANK0   BANK1   BANK2   BANK3   BANK4   BANK5
      Params:         4       0       0       0       0       0       0
      Locals:        10       0       0       0       0       0       0
      Temps:          6       0       0       0       0       0       0
      Totals:        20       0       0       0       0       0       0
Total ram usage:       20 bytes
 Hardware stack levels used:    1
 Hardware stack levels required when called:    4
 This function calls:
		Nothing
 This function is called by:
		_efgtoa
 This function uses a non-reentrant model


 *************** function ___fpclassifyf *****************
 Defined at:
		line 4 in file "C:\Program Files (x86)\Microchip\xc8\v2.00\pic\sources\c99\common\__fpclassifyf.c"
 Parameters:    Size  Location     Type
  x               4   11[COMRAM] float 
 Auto vars:     Size  Location     Type
  u               4   21[COMRAM] struct .
  e               2   19[COMRAM] int 
 Return value:  Size  Location     Type
                  2   11[COMRAM] int 
 Registers used:
		wreg, status,2, status,0
 Tracked objects:
		On entry : 
		On exit  : 
		Unchanged: 
 Data sizes:     COMRAM   BANK0   BANK1   BANK2   BANK3   BANK4   BANK5
      Params:         4       0       0       0       0       0       0
      Locals:         6       0       0       0       0       0       0
      Temps:          4       0       0       0       0       0       0
      Totals:        14       0       0       0       0       0       0
Total ram usage:       14 bytes
 Hardware stack levels used:    1
 Hardware stack levels required when called:    4
 This function calls:
		Nothing
 This function is called by:
		_efgtoa
 This function uses a non-reentrant model


 *************** function ___fltol *****************
 Defined at:
		line 43 in file "C:\Program Files (x86)\Microchip\xc8\v2.00\pic\sources\c99\common\fltol.c"
 Parameters:    Size  Location     Type
  f1              4   11[COMRAM] int 
 Auto vars:     Size  Location     Type
  exp1            1   20[COMRAM] unsigned char 
  sign1           1   19[COMRAM] unsigned char 
 Return value:  Size  Location     Type
                  4   11[COMRAM] long 
 Registers used:
		wreg, status,2, status,0
 Tracked objects:
		On entry : 
		On exit  : 
		Unchanged: 
 Data sizes:     COMRAM   BANK0   BANK1   BANK2   BANK3   BANK4   BANK5
      Params:         4       0       0       0       0       0       0
      Locals:         2       0       0       0       0       0       0
      Temps:          4       0       0       0       0       0       0
      Totals:        10       0       0       0       0       0       0
Total ram usage:       10 bytes
 Hardware stack levels used:    1
 Hardware stack levels required when called:    4
 This function calls:
		Nothing
 This function is called by:
		_efgtoa
 This function uses a non-reentrant model


 *************** function ___flsub *****************
 Defined at:
		line 245 in file "C:\Program Files (x86)\Microchip\xc8\v2.00\pic\sources\c99\common\sprcadd.c"
 Parameters:    Size  Location     Type
  b               4   50[COMRAM] long 
  a               4   54[COMRAM] long 
 Auto vars:     Size  Location     Type
		None
 Return value:  Size  Location     Type
                  4   50[COMRAM] long 
 Registers used:
		wreg, status,2, status,0, cstack
 Tracked objects:
		On entry : 
		On exit  : 
		Unchanged: 
 Data sizes:     COMRAM   BANK0   BANK1   BANK2   BANK3   BANK4   BANK5
      Params:         8       0       0       0       0       0       0
      Locals:         0       0       0       0       0       0       0
      Temps:          0       0       0       0       0       0       0
      Totals:         8       0       0       0       0       0       0
Total ram usage:        8 bytes
 Hardware stack levels used:    1
 Hardware stack levels required when called:    5
 This function calls:
		___fladd
 This function is called by:
		_efgtoa
 This function uses a non-reentrant model


 *************** function ___fladd *****************
 Defined at:
		line 10 in file "C:\Program Files (x86)\Microchip\xc8\v2.00\pic\sources\c99\common\sprcadd.c"
 Parameters:    Size  Location     Type
  b               4   11[COMRAM] long 
  a               4   15[COMRAM] long 
 Auto vars:     Size  Location     Type
  grs             1   30[COMRAM] unsigned char 
[...]
Total ram usage:        0 bytes
 Hardware stack levels used:    1
 Hardware stack levels required when called:    4
 This function calls:
		Nothing
 This function is called by:
		_SYSTEM_Initialize
 This function uses a non-reentrant model


 *************** function _Mode1 *****************
 Defined at:
		line 46 in file "main.c"
 Parameters:    Size  Location     Type
		None
 Auto vars:     Size  Location     Type
  text            2   18[COMRAM] PTR unsigned char 
		 -> STR_2(12), 
 Return value:  Size  Location     Type
                  1    wreg      void 
 Registers used:
		wreg, fsr1l, fsr1h, status,2, status,0, tblptrl, tblptrh, tblptru, cstack
 Tracked objects:
		On entry : 
		On exit  : 
		Unchanged: 
 Data sizes:     COMRAM   BANK0   BANK1   BANK2   BANK3   BANK4   BANK5
      Params:         0       0       0       0       0       0       0
      Locals:         2       0       0       0       0       0       0
      Temps:          0       0       0       0       0       0       0
      Totals:         2       0       0       0       0       0       0
Total ram usage:        2 bytes
 Hardware stack levels used:    1
 Hardware stack levels required when called:    6
 This function calls:
		_UART_Write_Text
 This function is called by:
		_main
 This function uses a non-reentrant model


 *************** function _UART_Write_Text *****************
 Defined at:
		line 67 in file "setting_hardaware/uart.c"
 Parameters:    Size  Location     Type
  text            2   12[COMRAM] PTR unsigned char 
		 -> STR_2(12), main@yee(10), 
 Auto vars:     Size  Location     Type
  i               2   16[COMRAM] int 
 Return value:  Size  Location     Type
                  1    wreg      void 
 Registers used:
		wreg, fsr1l, fsr1h, status,2, status,0, tblptrl, tblptrh, tblptru, cstack
 Tracked objects:
		On entry : 
		On exit  : 
		Unchanged: 
 Data sizes:     COMRAM   BANK0   BANK1   BANK2   BANK3   BANK4   BANK5
      Params:         2       0       0       0       0       0       0
      Locals:         2       0       0       0       0       0       0
      Temps:          2       0       0       0       0       0       0
      Totals:         6       0       0       0       0       0       0
Total ram usage:        6 bytes
 Hardware stack levels used:    1
 Hardware stack levels required when called:    5
 This function calls:
		_UART_Write
 This function is called by:
		_main
		_Mode1
 This function uses a non-reentrant model


 *************** function _UART_Write *****************
 Defined at:
		line 57 in file "setting_hardaware/uart.c"
 Parameters:    Size  Location     Type
  data            1    wreg     unsigned char 
 Auto vars:     Size  Location     Type
  data            1   11[COMRAM] unsigned char 
 Return value:  Size  Location     Type
                  1    wreg      void 
 Registers used:
		wreg
 Tracked objects:
		On entry : 
		On exit  : 
		Unchanged: 
 Data sizes:     COMRAM   BANK0   BANK1   BANK2   BANK3   BANK4   BANK5
      Params:         0       0       0       0       0       0       0
      Locals:         1       0       0       0       0       0       0
      Temps:          0       0       0       0       0       0       0
      Totals:         1       0       0       0       0       0       0
Total ram usage:        1 bytes
 Hardware stack levels used:    1
 Hardware stack levels required when called:    4
 This function calls:
		Nothing
 This function is called by:
		_UART_Write_Text
 This function uses a non-reentrant model


 *************** function _GetString *****************
 Defined at:
		line 63 in file "setting_hardaware/uart.c"
 Parameters:    Size  Location     Type
		None
 Auto vars:     Size  Location     Type
		None
 Return value:  Size  Location     Type
                  2   11[COMRAM] PTR unsigned char 
 Registers used:
		wreg, status,2, status,0
 Tracked objects:
		On entry : 
		On exit  : 
		Unchanged: 
 Data sizes:     COMRAM   BANK0   BANK1   BANK2   BANK3   BANK4   BANK5
      Params:         2       0       0       0       0       0       0
      Locals:         0       0       0       0       0       0       0
      Temps:          0       0       0       0       0       0       0
      Totals:         2       0       0       0       0       0       0
Total ram usage:        2 bytes
 Hardware stack levels used:    1
 Hardware stack levels required when called:    4
 This function calls:
		Nothing
 This function is called by:
		_main
 This function uses a non-reentrant model


 *************** function _ClearBuffer *****************
 Defined at:
		line 73 in file "setting_hardaware/uart.c"
 Parameters:    Size  Location     Type
		None
 Auto vars:     Size  Location     Type
  i               2   11[COMRAM] int 
 Return value:  Size  Location     Type
                  1    wreg      void 
 Registers used:
		wreg, fsr2l, fsr2h, status,2, status,0
 Tracked objects:
		On entry : 
		On exit  : 
		Unchanged: 
 Data sizes:     COMRAM   BANK0   BANK1   BANK2   BANK3   BANK4   BANK5
      Params:         0       0       0       0       0       0       0
      Locals:         2       0       0       0       0       0       0
      Temps:          0       0       0       0       0       0       0
      Totals:         2       0       0       0       0       0       0
Total ram usage:        2 bytes
 Hardware stack levels used:    1
 Hardware stack levels required when called:    4
 This function calls:
		Nothing
 This function is called by:
		_main
 This function uses a non-reentrant model


 *************** function _ADC_Read *****************
 Defined at:
		line 13 in file "setting_hardaware/adc.c"
 Parameters:    Size  Location     Type
  channel         2   11[COMRAM] int 
 Auto vars:     Size  Location     Type
  digital         2   15[COMRAM] int 
 Return value:  Size  Location     Type
                  2   11[COMRAM] int 
 Registers used:
		wreg, status,2, status,0
 Tracked objects:
		On entry : 
		On exit  : 
		Unchanged: 
 Data sizes:     COMRAM   BANK0   BANK1   BANK2   BANK3   BANK4   BANK5
      Params:         2       0       0       0       0       0       0
      Locals:         2       0       0       0       0       0       0
      Temps:          2       0       0       0       0       0       0
      Totals:         6       0       0       0       0       0       0
Total ram usage:        6 bytes
 Hardware stack levels used:    1
 Hardware stack levels required when called:    4
 This function calls:
		Nothing
 This function is called by:
		_main
 This function uses a non-reentrant model


 *************** function _Lo_ISR *****************
 Defined at:
		line 93 in file "setting_hardaware/uart.c"
 Parameters:    Size  Location     Type
		None
 Auto vars:     Size  Location     Type
		None
 Return value:  Size  Location     Type
                  1    wreg      void 
 Registers used:
		wreg, fsr2l, fsr2h, status,2, status,0, cstack
 Tracked objects:
		On entry : 
		On exit  : 
		Unchanged: 
 Data sizes:     COMRAM   BANK0   BANK1   BANK2   BANK3   BANK4   BANK5
      Params:         0       0       0       0       0       0       0
      Locals:         0       0       0       0       0       0       0
      Temps:          5       0       0       0       0       0       0
      Totals:         5       0       0       0       0       0       0
Total ram usage:        5 bytes
 Hardware stack levels used:    1
 Hardware stack levels required when called:    3
 This function calls:
		_MyusartRead
 This function is called by:
		Interrupt level 1
 This function uses a non-reentrant model


 *************** function _MyusartRead *****************
 Defined at:
		line 79 in file "setting_hardaware/uart.c"
 Parameters:    Size  Location     Type
		None
 Auto vars:     Size  Location     Type
		None
 Return value:  Size  Location     Type
                  1    wreg      void 
 Registers used:
		wreg, fsr2l, fsr2h, status,2, status,0, cstack
 Tracked objects:
		On entry : 
		On exit  : 
		Unchanged: 
 Data sizes:     COMRAM   BANK0   BANK1   BANK2   BANK3   BANK4   BANK5
      Params:         0       0       0       0       0       0       0
      Locals:         0       0       0       0       0       0       0
      Temps:          0       0       0       0       0       0       0
      Totals:         0       0       0       0       0       0       0
Total ram usage:        0 bytes
 Hardware stack levels used:    1
 Hardware stack levels required when called:    2
 This function calls:
		i1_UART_Write
		i1___awmod
 This function is called by:
		_Lo_ISR
 This function uses a non-reentrant model


 *************** function i1___awmod *****************
 Defined at:
		line 7 in file "C:\Program Files (x86)\Microchip\xc8\v2.00\pic\sources\c99\common\awmod.c"
 Parameters:    Size  Location     Type
  dividend        2    0[COMRAM] int 
  divisor         2    2[COMRAM] int 
 Auto vars:     Size  Location     Type
  __awmod         1    5[COMRAM] unsigned char 
  __awmod         1    4[COMRAM] unsigned char 
 Return value:  Size  Location     Type
                  2    0[COMRAM] int 
 Registers used:
		wreg, status,2, status,0
 Tracked objects:
		On entry : 
		On exit  : 
		Unchanged: 
 Data sizes:     COMRAM   BANK0   BANK1   BANK2   BANK3   BANK4   BANK5
      Params:         4       0       0       0       0       0       0
      Locals:         2       0       0       0       0       0       0
      Temps:          0       0       0       0       0       0       0
      Totals:         6       0       0       0       0       0       0
Total ram usage:        6 bytes
 Hardware stack levels used:    1
 Hardware stack levels required when called:    1
 This function calls:
		Nothing
 This function is called by:
		_MyusartRead
 This function uses a non-reentrant model


 *************** function i1_UART_Write *****************
 Defined at:
		line 57 in file "setting_hardaware/uart.c"
 Parameters:    Size  Location     Type
  data            1    wreg     unsigned char 
 Auto vars:     Size  Location     Type
  data            1    0[COMRAM] unsigned char 
 Return value:  Size  Location     Type
                  1    wreg      void 
 Registers used:
		wreg
 Tracked objects:
		On entry : 
		On exit  : 
		Unchanged: 
 Data sizes:     COMRAM   BANK0   BANK1   BANK2   BANK3   BANK4   BANK5
      Params:         0       0       0       0       0       0       0
      Locals:         1       0       0       0       0       0       0
      Temps:          0       0       0       0       0       0       0
      Totals:         1       0       0       0       0       0       0
Total ram usage:        1 bytes
 Hardware stack levels used:    1
 Hardware stack levels required when called:    1
 This function calls:
		Nothing
 This function is called by:
		_MyusartRead
 This function uses a non-reentrant model


 *************** function _Hi_ISR *****************
 Defined at:
		line 57 in file "main.c"
 Parameters:    Size  Location     Type
		None
 Auto vars:     Size  Location     Type
		None
 Return value:  Size  Location     Type
                  1    wreg      void 
 Registers used:
		wreg, status,2
 Tracked objects:
		On entry : 
		On exit  : 
		Unchanged: 
 Data sizes:     COMRAM   BANK0   BANK1   BANK2   BANK3   BANK4   BANK5
      Params:         0       0       0       0       0       0       0
      Locals:         0       0       0       0       0       0       0
      Temps:          0       0       0       0       0       0       0
      Totals:         0       0       0       0       0       0       0
Total ram usage:        0 bytes
 Hardware stack levels used:    1
 This function calls:
		Nothing
 This function is called by:
		Interrupt level 2
 This function uses a non-reentrant model



MODULE INFORMATION

Module		Function		Class		Link	Load	Size
C:\Program Files (x86)\Microchip\xc8\v2.00\pic\sources\c99\common\isspace.c
		_isspace       		CODE           	3BAA	0000	91

C:\Program Files (x86)\Microchip\xc8\v2.00\pic\sources\c99\common\isspace.c estimated size: 91

C:\Program Files (x86)\Microchip\xc8\v2.00\pic\sources\c99\common\strncmp.c
		_strncmp       		CODE           	326E	0000	253

C:\Program Files (x86)\Microchip\xc8\v2.00\pic\sources\c99\common\strncmp.c estimated size: 253

C:\Program Files (x86)\Microchip\xc8\v2.00\pic\sources\c99\common\tolower.c
		_tolower       		CODE           	3994	0000	129

C:\Program Files (x86)\Microchip\xc8\v2.00\pic\sources\c99\common\tolower.c estimated size: 129

C:\Program Files (x86)\Microchip\xc8\v2.00\pic\sources\c99\common\floorf.c
		_floorf        		CODE           	267E	0000	563

C:\Program Files (x86)\Microchip\xc8\v2.00\pic\sources\c99\common\floorf.c estimated size: 563

C:\Program Files (x86)\Microchip\xc8\v2.00\pic\sources\c99\common\sprcmul.c
		___flmul       		CODE           	1DF0	0000	1135

C:\Program Files (x86)\Microchip\xc8\v2.00\pic\sources\c99\common\sprcmul.c estimated size: 1135

setting_hardaware/interrupt_manager.c
		_INTERRUPT_Initialize		CODE           	3F7C	0000	9

setting_hardaware/interrupt_manager.c estimated size: 9

C:\Program Files (x86)\Microchip\xc8\v2.00\pic\sources\c99\common\strncpy.c
		_strncpy       		CODE           	3870	0000	153

C:\Program Files (x86)\Microchip\xc8\v2.00\pic\sources\c99\common\strncpy.c estimated size: 153

C:\Program Files (x86)\Microchip\xc8\v2.00\pic\sources\c99\common\sprcdiv.c
		___fldiv       		CODE           	225E	0000	1057

C:\Program Files (x86)\Microchip\xc8\v2.00\pic\sources\c99\common\sprcdiv.c estimated size: 1057

C:\Program Files (x86)\Microchip\xc8\v2.00\pic\sources\c99\common\xxtofl.c
		___xxtofl      		CODE           	2CCA	0000	477

C:\Program Files (x86)\Microchip\xc8\v2.00\pic\sources\c99\common\xxtofl.c estimated size: 477

C:\Program Files (x86)\Microchip\xc8\v2.00\pic\sources\c99\common\awmod.c
		___awmod       		CODE           	3534	0000	217

C:\Program Files (x86)\Microchip\xc8\v2.00\pic\sources\c99\common\awmod.c estimated size: 217

setting_hardaware/uart.c
		_Lo_ISR        		CODE           	0018	0000	97
		_MyusartRead   		CODE           	3CEC	0000	73
		_UART_Write_Text		CODE           	3908	0000	141
		_GetString     		CODE           	3F5A	0000	15
		_ClearBuffer   		CODE           	3A14	0000	107
		_UART_Initialize		CODE           	3EB6	0000	35
		_UART_Write    		CODE           	3ED8	0000	31

setting_hardaware/uart.c estimated size: 499

C:\Program Files (x86)\Microchip\xc8\v2.00\pic\sources\c99\common\putch.c
		_putch         		CODE           	3F84	0000	3

C:\Program Files (x86)\Microchip\xc8\v2.00\pic\sources\c99\common\putch.c estimated size: 3

C:\Program Files (x86)\Microchip\xc8\v2.00\pic\sources\c99\common\strlen.c
		_strlen        		CODE           	3C04	0000	83

C:\Program Files (x86)\Microchip\xc8\v2.00\pic\sources\c99\common\strlen.c estimated size: 83

C:\Program Files (x86)\Microchip\xc8\v2.00\pic\sources\c99\common\flge.c
		___flge        		CODE           	2EA6	0000	361

C:\Program Files (x86)\Microchip\xc8\v2.00\pic\sources\c99\common\flge.c estimated size: 361

C:\Program Files (x86)\Microchip\xc8\v2.00\pic\sources\c99\common\strcpy.c
		_strcpy        		CODE           	3A7E	0000	105

C:\Program Files (x86)\Microchip\xc8\v2.00\pic\sources\c99\common\strcpy.c estimated size: 105

C:\Program Files (x86)\Microchip\xc8\v2.00\pic\sources\c99\common\nf_fputc.c
		_fputc         		CODE           	3456	0000	223

C:\Program Files (x86)\Microchip\xc8\v2.00\pic\sources\c99\common\nf_fputc.c estimated size: 223

setting_hardaware/ccp1.c
		_CCP1_Initialize		CODE           	3F68	0000	13

setting_hardaware/ccp1.c estimated size: 13

setting_hardaware/adc.c
		_ADC_Initialize		CODE           	3F2C	0000	25
		_ADC_Read      		CODE           	3D34	0000	71

setting_hardaware/adc.c estimated size: 96

C:\Program Files (x86)\Microchip\xc8\v2.00\pic\sources\c99\common\nf_sprintf.c
		_sprintf       		CODE           	3B4C	0000	95

C:\Program Files (x86)\Microchip\xc8\v2.00\pic\sources\c99\common\nf_sprintf.c estimated size: 95

C:\Program Files (x86)\Microchip\xc8\v2.00\pic\sources\c99\common\isdigit.c
		_isdigit       		CODE           	3DF6	0000	61

C:\Program Files (x86)\Microchip\xc8\v2.00\pic\sources\c99\common\isdigit.c estimated size: 61

C:\Program Files (x86)\Microchip\xc8\v2.00\pic\sources\c99\common\sprcadd.c
		___flsub       		CODE           	3CA2	0000	75
		___fladd       		CODE           	134A	0000	1413

C:\Program Files (x86)\Microchip\xc8\v2.00\pic\sources\c99\common\sprcadd.c estimated size: 1488

C:\Program Files (x86)\Microchip\xc8\v2.00\pic\sources\c99\common\doprnt.c
		_vfpfcnvrt     		CODE           	18CE	0000	1315
		_efgtoa        		CODE           	0626	0000	3365
		_pad           		CODE           	36E4	0000	211
		_vfprintf      		CODE           	3AE6	0000	103

C:\Program Files (x86)\Microchip\xc8\v2.00\pic\sources\c99\common\doprnt.c estimated size: 4994

C:\Program Files (x86)\Microchip\xc8\v2.00\pic\sources\c99\common\awdiv.c
		___awdiv       		CODE           	336A	0000	237

C:\Program Files (x86)\Microchip\xc8\v2.00\pic\sources\c99\common\awdiv.c estimated size: 237

shared
		i1_UART_Write  		CODE           	3EF6	0000	31
		__initialization		CODE           	3E32	0000	37
		i1___awmod     		CODE           	360C	0000	217

shared estimated size: 285

C:\Program Files (x86)\Microchip\xc8\v2.00\pic\sources\c99\common\fltol.c
		___fltol       		CODE           	300E	0000	339

C:\Program Files (x86)\Microchip\xc8\v2.00\pic\sources\c99\common\fltol.c estimated size: 339

setting_hardaware/setting.c
		_OSCILLATOR_Initialize		CODE           	3F74	0000	9
		_SYSTEM_Initialize		CODE           	3F14	0000	25

setting_hardaware/setting.c estimated size: 34

C:\Program Files (x86)\Microchip\xc8\v2.00\pic\sources\c99\common\__fpclassifyf.c
		___fpclassifyf 		CODE           	3160	0000	271

C:\Program Files (x86)\Microchip\xc8\v2.00\pic\sources\c99\common\__fpclassifyf.c estimated size: 271

C:\Program Files (x86)\Microchip\xc8\v2.00\pic\sources\c99\common\atoi.c
		_atoi          		CODE           	28B0	0000	527

C:\Program Files (x86)\Microchip\xc8\v2.00\pic\sources\c99\common\atoi.c estimated size: 527

C:\Program Files (x86)\Microchip\xc8\v2.00\pic\sources\c99\common\fleq.c
		___fleq        		CODE           	37B6	0000	187

C:\Program Files (x86)\Microchip\xc8\v2.00\pic\sources\c99\common\fleq.c estimated size: 187

C:\Program Files (x86)\Microchip\xc8\v2.00\pic\sources\c99\common\Umul16.c
		___wmul        		CODE           	3E64	0000	43

C:\Program Files (x86)\Microchip\xc8\v2.00\pic\sources\c99\common\Umul16.c estimated size: 43

main.c
		_main          		CODE           	2ABE	0000	525
		_Mode1         		CODE           	3F44	0000	23
		_Hi_ISR        		CODE           	0008	0000	47

main.c estimated size: 595

C:\Program Files (x86)\Microchip\xc8\v2.00\pic\sources\c99\common\nf_fputs.c
		_fputs         		CODE           	3C56	0000	77

C:\Program Files (x86)\Microchip\xc8\v2.00\pic\sources\c99\common\nf_fputs.c estimated size: 77

C:\Program Files (x86)\Microchip\xc8\v2.00\pic\sources\c99\common\isupper.c
		_isupper       		CODE           	3DBA	0000	61

C:\Program Files (x86)\Microchip\xc8\v2.00\pic\sources\c99\common\isupper.c estimated size: 61

C:\Program Files (x86)\Microchip\xc8\v2.00\pic\sources\c99\common\flneg.c
		___flneg       		CODE           	3D7A	0000	65

C:\Program Files (x86)\Microchip\xc8\v2.00\pic\sources\c99\common\flneg.c estimated size: 65

