MPLINK 5.09, LINKER
Linker Map File - Created Mon Oct 21 15:18:02 2019

                                 Section Info
                  Section       Type    Address   Location Size(Bytes)
                ---------  ---------  ---------  ---------  ---------
                   .org_0       code   0x000000    program   0x000046
                   .cinit    romdata   0x000046    program   0x000002
.config_300001_BUILD/DEFAULT/DEBUG/TEST.O    romdata   0x300001    program   0x000001
.config_300003_BUILD/DEFAULT/DEBUG/TEST.O    romdata   0x300003    program   0x000001



                              Program Memory Usage 
                               Start         End      
                           ---------   ---------      
                            0x000000    0x000047      
                            0x300001    0x300001      
                            0x300003    0x300003      
            74 out of 33048 program addresses used, program memory utilization is 0%



                              Symbols - Sorted by Name
                     Name    Address   Location    Storage File                     
                ---------  ---------  ---------  --------- ---------                
                   divide   0x000000    program     static C:\Users\Carlton\MPLABXProjects\LAB4.X\test.asm
                    final   0x00003c    program     static C:\Users\Carlton\MPLABXProjects\LAB4.X\test.asm
                     loop   0x000012    program     static C:\Users\Carlton\MPLABXProjects\LAB4.X\test.asm
                      neg   0x00002a    program     static C:\Users\Carlton\MPLABXProjects\LAB4.X\test.asm



                              Symbols - Sorted by Address
                     Name    Address   Location    Storage File                     
                ---------  ---------  ---------  --------- ---------                
                   divide   0x000000    program     static C:\Users\Carlton\MPLABXProjects\LAB4.X\test.asm
                     loop   0x000012    program     static C:\Users\Carlton\MPLABXProjects\LAB4.X\test.asm
                      neg   0x00002a    program     static C:\Users\Carlton\MPLABXProjects\LAB4.X\test.asm
                    final   0x00003c    program     static C:\Users\Carlton\MPLABXProjects\LAB4.X\test.asm


