MPLINK 5.09, LINKER
Linker Map File - Created Sun Nov 17 22:14:22 2019

                                 Section Info
                  Section       Type    Address   Location Size(Bytes)
                ---------  ---------  ---------  ---------  ---------
                   .org_0       code   0x000000    program   0x000042
                   .cinit    romdata   0x000042    program   0x000002
.config_300001_BUILD/DEFAULT/PRODUCTION/NEWASMT    romdata   0x300001    program   0x000001
.config_300003_BUILD/DEFAULT/PRODUCTION/NEWASMT    romdata   0x300003    program   0x000001



                              Program Memory Usage 
                               Start         End      
                           ---------   ---------      
                            0x000000    0x000043      
                            0x300001    0x300001      
                            0x300003    0x300003      
            70 out of 33048 program addresses used, program memory utilization is 0%



                              Symbols - Sorted by Name
                     Name    Address   Location    Storage File                     
                ---------  ---------  ---------  --------- ---------                
                  Initial   0x000000    program     static C:\Users\Carlton\MPLABXProjects\LAB6.X\newAsmTemplate.asm
                  _1loop1   0x00001c    program     static C:\Users\Carlton\MPLABXProjects\LAB6.X\newAsmTemplate.asm
                  _1loop2   0x000020    program     static C:\Users\Carlton\MPLABXProjects\LAB6.X\newAsmTemplate.asm
                     loop   0x00000e    program     static C:\Users\Carlton\MPLABXProjects\LAB6.X\newAsmTemplate.asm
                  setting   0x000006    program     static C:\Users\Carlton\MPLABXProjects\LAB6.X\newAsmTemplate.asm
                    start   0x000014    program     static C:\Users\Carlton\MPLABXProjects\LAB6.X\newAsmTemplate.asm



                              Symbols - Sorted by Address
                     Name    Address   Location    Storage File                     
                ---------  ---------  ---------  --------- ---------                
                  Initial   0x000000    program     static C:\Users\Carlton\MPLABXProjects\LAB6.X\newAsmTemplate.asm
                  setting   0x000006    program     static C:\Users\Carlton\MPLABXProjects\LAB6.X\newAsmTemplate.asm
                     loop   0x00000e    program     static C:\Users\Carlton\MPLABXProjects\LAB6.X\newAsmTemplate.asm
                    start   0x000014    program     static C:\Users\Carlton\MPLABXProjects\LAB6.X\newAsmTemplate.asm
                  _1loop1   0x00001c    program     static C:\Users\Carlton\MPLABXProjects\LAB6.X\newAsmTemplate.asm
                  _1loop2   0x000020    program     static C:\Users\Carlton\MPLABXProjects\LAB6.X\newAsmTemplate.asm


