MPLINK 5.09, LINKER
Linker Map File - Created Mon Dec 02 17:32:00 2019

                                 Section Info
                  Section       Type    Address   Location Size(Bytes)
                ---------  ---------  ---------  ---------  ---------
                   .org_0       code   0x000000    program   0x000002
                   .cinit    romdata   0x000002    program   0x000002
                   .org_1       code   0x000008    program   0x000070
                    dbgP0       code   0x007dc0    program   0x000240
.config_300001_BUILD/DEFAULT/DEBUG/NEWASMTEMPLA    romdata   0x300001    program   0x000001
.config_300003_BUILD/DEFAULT/DEBUG/NEWASMTEMPLA    romdata   0x300003    program   0x000001
.config_300005_BUILD/DEFAULT/DEBUG/NEWASMTEMPLA    romdata   0x300005    program   0x000001
                    dbgD0      udata   0x0005f4       data   0x00000c



                              Program Memory Usage 
                               Start         End      
                           ---------   ---------      
                            0x000000    0x000003      
                            0x000008    0x000077      
                            0x007dc0    0x007fff      
                            0x300001    0x300001      
                            0x300003    0x300003      
                            0x300005    0x300005      
            695 out of 33048 program addresses used, program memory utilization is 2%



                              Symbols - Sorted by Name
                     Name    Address   Location    Storage File                     
                ---------  ---------  ---------  --------- ---------                
                      ISR   0x000008    program     static C:\Users\User\Desktop\LAB9.X\newAsmTemplate.asm
                  Initial   0x000042    program     static C:\Users\User\Desktop\LAB9.X\newAsmTemplate.asm
                     Main   0x00006a    program     static C:\Users\User\Desktop\LAB9.X\newAsmTemplate.asm
                  _1loop1   0x000024    program     static C:\Users\User\Desktop\LAB9.X\newAsmTemplate.asm
                  _1loop2   0x000028    program     static C:\Users\User\Desktop\LAB9.X\newAsmTemplate.asm
                     duty   0x00000e    program     static C:\Users\User\Desktop\LAB9.X\newAsmTemplate.asm



                              Symbols - Sorted by Address
                     Name    Address   Location    Storage File                     
                ---------  ---------  ---------  --------- ---------                
                      ISR   0x000008    program     static C:\Users\User\Desktop\LAB9.X\newAsmTemplate.asm
                     duty   0x00000e    program     static C:\Users\User\Desktop\LAB9.X\newAsmTemplate.asm
                  _1loop1   0x000024    program     static C:\Users\User\Desktop\LAB9.X\newAsmTemplate.asm
                  _1loop2   0x000028    program     static C:\Users\User\Desktop\LAB9.X\newAsmTemplate.asm
                  Initial   0x000042    program     static C:\Users\User\Desktop\LAB9.X\newAsmTemplate.asm
                     Main   0x00006a    program     static C:\Users\User\Desktop\LAB9.X\newAsmTemplate.asm


