MPLINK 5.09, LINKER
Linker Map File - Created Mon Sep 23 17:12:30 2019

                                 Section Info
                  Section       Type    Address   Location Size(Bytes)
                ---------  ---------  ---------  ---------  ---------
                   .org_0       code   0x000000    program   0x0000e4
                   .cinit    romdata   0x0000e4    program   0x000002
.config_300001_BUILD/DEFAULT/DEBUG/NEWASMTEMPLA    romdata   0x300001    program   0x000001
.config_300003_BUILD/DEFAULT/DEBUG/NEWASMTEMPLA    romdata   0x300003    program   0x000001



                              Program Memory Usage 
                               Start         End      
                           ---------   ---------      
                            0x000000    0x0000e5      
                            0x300001    0x300001      
                            0x300003    0x300003      
            232 out of 33048 program addresses used, program memory utilization is 0%



                              Symbols - Sorted by Name
                     Name    Address   Location    Storage File                     
                ---------  ---------  ---------  --------- ---------                
                  Initial   0x000000    program     static C:\Users\Carlton\MPLABXProjects\T.X\newAsmTemplate.asm
                 addition   0x00004c    program     static C:\Users\Carlton\MPLABXProjects\T.X\newAsmTemplate.asm
                   assign   0x000000    program     static C:\Users\Carlton\MPLABXProjects\T.X\newAsmTemplate.asm



                              Symbols - Sorted by Address
                     Name    Address   Location    Storage File                     
                ---------  ---------  ---------  --------- ---------                
                  Initial   0x000000    program     static C:\Users\Carlton\MPLABXProjects\T.X\newAsmTemplate.asm
                   assign   0x000000    program     static C:\Users\Carlton\MPLABXProjects\T.X\newAsmTemplate.asm
                 addition   0x00004c    program     static C:\Users\Carlton\MPLABXProjects\T.X\newAsmTemplate.asm


