Microchip MPLAB XC8 Compiler V2.10 ()

Linker command line:

-W-3 --edf=C:\Program Files (x86)\Microchip\xc8\v2.10\pic\dat\en_msgs.txt \
  -cs -h+dist/default/production\Final_Project.X.production.sym \
  --cmf=dist/default/production\Final_Project.X.production.cmf -z -Q18F4520 \
  -oC:\Users\Carlton\AppData\Local\TEMP\sesg.2 --defsym=__MPLAB_BUILD=1 \
  -Mdist/default/production/Final_Project.X.production.map -E1 -ver=XC8 \
  --acfsm=1493 -ASTACK=0594h-05FFh -pstack=STACK -ACODE=00h-07FFFh \
  -ACONST=00h-07FFFh -ASMALLCONST=0600h-06FFhx122 \
  -AMEDIUMCONST=0600h-07FFFh -ACOMRAM=01h-07Fh -AABS1=00h-05FFh \
  -ABIGRAM=01h-05FFh -ARAM=080h-0FFh,0100h-01FFhx5 -ABANK0=080h-0FFh \
  -ABANK1=0100h-01FFh -ABANK2=0200h-02FFh -ABANK3=0300h-03FFh \
  -ABANK4=0400h-04FFh -ABANK5=0500h-05FFh -ASFR=0F80h-0FFFh \
  -preset_vec=00h,intcode=08h,intcodelo,powerup,init -pramtop=0600h \
  -psmallconst=SMALLCONST -pmediumconst=MEDIUMCONST -pconst=CONST \
  -AFARRAM=00h-00h -ACONFIG=0300000h-030000Dh -pconfig=CONFIG \
  -AIDLOC=0200000h-0200007h -pidloc=IDLOC -AEEDATA=0F00000h-0F000FFh \
  -peeprom_data=EEDATA \
  -prdata=COMRAM,nvrram=COMRAM,nvbit=COMRAM,rbss=COMRAM,rbit=COMRAM \
  -pfarbss=FARRAM,fardata=FARRAM,nvFARRAM=FARRAM \
  -pintsave_regs=BIGRAM,bigbss=BIGRAM,bigdata=BIGRAM -pbss=RAM \
  -pidata=CODE,irdata=CODE,ibigdata=CODE,ifardata=CODE -prparam=COMRAM \
  C:\Users\Carlton\AppData\Local\TEMP\sesg.o \
  dist/default/production\Final_Project.X.production.o 

Object code version is 3.11

Machine type is 18F4520

Call graph: (short form)




                Name                               Link     Load   Length Selector   Space Scale
C:\Users\Carlton\AppData\Local\TEMP\sesg.o
                init                                  E        E        4        4       0
                reset_vec                             0        0        4        0       0
                idloc                            200000   200000        8   200000       0
                config                           300000   300000        E   300000       0
dist/default/production\Final_Project.X.production.o
                intcode                               8        8        6        4       0
                temp                                 6D       6D        1        1       1
                text18                             296A     296A       9E        4       0
                text17                             2362     2362       DC        4       0
                text16                             281A     281A       B0        4       0
                text15                             2B50     2B50       64        4       0
                intcode_body                       19C8     19C8      436        4       0
                text13                             2518     2518       DA        4       0
                text12                             2C02     2C02       3C        4       0
                text11                             2A7E     2A7E       6C        4       0
                text10                             2A08     2A08       76        4       0
                text9                              2AEA     2AEA       66        4       0
                text8                              2C6E     2C6E       28        4       0
                text7                                12       12      AA8        4       0
                text6                               ABA      ABA      A8A        4       0
                text5                              2C3E     2C3E       30        4       0
                text4                              25F2     25F2       C6        4       0
                text3                              26B8     26B8       B2        4       0
                text2                              20CE     20CE      294        4       0
                text1                              2BB4     2BB4       4E        4       0
                text0                              1544     1544      484        4       0
                cstackCOMRAM                          1        1       38        1       1
                cstackBANK0                          80       80       53       80       1
                cstackBANK1                         1F4      1F4        A      100       1
                dataBIGRAM                          2C4      2C4      2D0      2C4       1
                dataBANK2                           200      200       B0      200       1
                bssBANK2                            2B0      2B0       14      200       1
                dataBANK1                           100      100       A0      100       1
                bssBANK1                            1A0      1A0       54      100       1
                dataBANK0                            FB       FB        2       80       1
                bssBANK0                             D3       D3       28       80       1
                dataCOMRAM                           67       67        6        1       1
                bssCOMRAM                            39       39       2E        1       1
                cinit                              243E     243E       DA        4       0
                idataBANK2                         276A     276A       B0        4       0
                idataBANK1                         28CA     28CA       A0        4       0
                idataBANK0                         2C9C     2C9C        2        4       0
                idataBIGRAM                        1DFE     1DFE      2D0        4       0
                idataCOMRAM                        2C96     2C96        6        4       0

TOTAL           Name                               Link     Load   Length     Space
        CLASS   STACK          

        CLASS   CODE           
                intcode                               8        8        6         0
                init                                  E        E        4         0
                reset_vec                             0        0        4         0
                text18                             296A     296A       9E         0
                text17                             2362     2362       DC         0
                text16                             281A     281A       B0         0
                text15                             2B50     2B50       64         0
                intcode_body                       19C8     19C8      436         0
                text13                             2518     2518       DA         0
                text12                             2C02     2C02       3C         0
                text11                             2A7E     2A7E       6C         0
                text10                             2A08     2A08       76         0
                text9                              2AEA     2AEA       66         0
                text8                              2C6E     2C6E       28         0
                text7                                12       12      AA8         0
                text6                               ABA      ABA      A8A         0
                text5                              2C3E     2C3E       30         0
                text4                              25F2     25F2       C6         0
                text3                              26B8     26B8       B2         0
                text2                              20CE     20CE      294         0
                text1                              2BB4     2BB4       4E         0
                text0                              1544     1544      484         0
                cinit                              243E     243E       DA         0
                idataBANK2                         276A     276A       B0         0
                idataBANK1                         28CA     28CA       A0         0
                idataBANK0                         2C9C     2C9C        2         0
                idataBIGRAM                        1DFE     1DFE      2D0         0
                idataCOMRAM                        2C96     2C96        6         0

        CLASS   CONST          

        CLASS   SMALLCONST     

        CLASS   MEDIUMCONST    

        CLASS   COMRAM         
                temp                                 6D       6D        1         1
                cstackCOMRAM                          1        1       38         1
                dataCOMRAM                           67       67        6         1
                bssCOMRAM                            39       39       2E         1

        CLASS   ABS1           

        CLASS   BIGRAM         
                dataBIGRAM                          2C4      2C4      2D0         1

        CLASS   RAM            

        CLASS   BANK0          
                cstackBANK0                          80       80       53         1
                dataBANK0                            FB       FB        2         1
                bssBANK0                             D3       D3       28         1

        CLASS   BANK1          
                cstackBANK1                         1F4      1F4        A         1
                dataBANK1                           100      100       A0         1
                bssBANK1                            1A0      1A0       54         1

        CLASS   BANK2          
                dataBANK2                           200      200       B0         1
                bssBANK2                            2B0      2B0       14         1

        CLASS   BANK3          

        CLASS   BANK4          

        CLASS   BANK5          

        CLASS   SFR            

        CLASS   FARRAM         

        CLASS   CONFIG         
                config                           300000   300000        E         0

        CLASS   IDLOC          
                idloc                            200000   200000        8         0

        CLASS   EEDATA         



SEGMENTS        Name                           Load    Length   Top    Selector   Space  Class

                reset_vec                      000000  000004  000004         0       0  CODE    
                cstackCOMRAM                   000001  00006D  00006E         1       1  COMRAM  
                intcode                        000008  002C96  002C9E         4       0  CODE    
                cstackBANK0                    000080  00007D  0000FD        80       1  BANK0   
                dataBANK1                      000100  0000FE  0001FE       100       1  BANK1   
                dataBANK2                      000200  0000C4  0002C4       200       1  BANK2   
                dataBIGRAM                     0002C4  0002D0  000594       2C4       1  BIGRAM  
                idloc                          200000  000008  200008    200000       0  IDLOC   
                config                         300000  00000E  30000E    300000       0  CONFIG  


UNUSED ADDRESS RANGES

        Name                Unused          Largest block    Delta
        BANK0            0000FD-0000FF                3
        BANK1            0001FE-0001FF                2
        BANK5            000594-0005FF               6C
        BIGRAM           00006E-00007F               12
                         0000FD-0000FF                3
                         0001FE-0001FF                2
                         000594-0005FF               6C
        CODE             000004-000007                4
                         002C9E-007FFF             5362
        COMRAM           00006E-00007F               12
        CONST            000004-000007                4
                         002C9E-007FFF             5362
        EEDATA           F00000-F000FF              100
        MEDIUMCONST      002C9E-007FFF             5362
        RAM              0000FD-0000FF                3
                         0001FE-0001FF                2
                         000594-0005FF               6C
        SFR              000F80-000FFF               80
        SMALLCONST       002C9E-007FFF              100
        STACK            000594-0005FF               6C

                                  Symbol Table

?_ADC_Read               cstackBANK0  000080
?___awdiv                cstackBANK0  000080
?___awmod                cstackBANK0  000080
?___lmul                 cstackBANK0  000080
?___lwdiv                cstackBANK0  000080
?___lwmod                cstackBANK0  000080
?___omul                 cstackCOMRAM 000001
?___wmul                 cstackBANK0  000080
?_rand                   cstackCOMRAM 000019
?_time                   cstackBANK0  000080
?i2___awmod              cstackCOMRAM 000023
?i2___lwmod              cstackCOMRAM 000001
ADC_Read@digital         cstackBANK0  000084
Hi_ISR@i                 cstackCOMRAM 000037
_ADCON0bits              (abs)        000FC2
_ADCON1                  (abs)        000FC1
_ADCON2bits              (abs)        000FC0
_ADC_Read                text12       002C02
_ADFM                    (abs)        007E07
_ADRESH                  (abs)        000FC4
_ADRESL                  (abs)        000FC3
_CCP1CON                 (abs)        000FBD
_CCPR1L                  (abs)        000FBE
_Hi_ISR                  intcode      000008
_INTCON2bits             (abs)        000FF1
_INTCONbits              (abs)        000FF2
_IPR1bits                (abs)        000F9F
_IPR2bits                (abs)        000FA2
_LATA                    (abs)        000F89
_LATB                    (abs)        000F8A
_LATC                    (abs)        000F8B
_LATCbits                (abs)        000F8B
_LATD                    (abs)        000F8C
_PIE1bits                (abs)        000F9D
_PIE2bits                (abs)        000FA0
_PIR1bits                (abs)        000F9E
_PIR2bits                (abs)        000FA1
_PORTA                   (abs)        000F80
_PORTB                   (abs)        000F81
_PORTC                   (abs)        000F82
_PORTCbits               (abs)        000F82
_PORTD                   (abs)        000F83
_PR2                     (abs)        000FCB
_RCONbits                (abs)        000FD0
_T0CON                   (abs)        000FD5
_T0CONbits               (abs)        000FD5
_T1CON                   (abs)        000FCD
_T2CON                   (abs)        000FCA
_T2CONbits               (abs)        000FCA
_T3CON                   (abs)        000FB1
_T3CONbits               (abs)        000FB1
_TMR0                    (abs)        000FD6
_TMR1H                   (abs)        000FCF
_TMR1L                   (abs)        000FCE
_TMR3                    (abs)        000FB2
_TMR3H                   (abs)        000FB3
_TMR3L                   (abs)        000FB2
_TRISA                   (abs)        000F92
_TRISB                   (abs)        000F93
_TRISC                   (abs)        000F94
_TRISCbits               (abs)        000F94
_TRISD                   (abs)        000F95
__CFG_BOREN$SBORDIS      (abs)        000000
__CFG_BORV$3             (abs)        000000
__CFG_CCP2MX$PORTC       (abs)        000000
__CFG_CP0$OFF            (abs)        000000
__CFG_CP1$OFF            (abs)        000000
__CFG_CP2$OFF            (abs)        000000
__CFG_CP3$OFF            (abs)        000000
__CFG_CPB$OFF            (abs)        000000
__CFG_CPD$OFF            (abs)        000000
__CFG_EBTR0$OFF          (abs)        000000
__CFG_EBTR1$OFF          (abs)        000000
__CFG_EBTR2$OFF          (abs)        000000
__CFG_EBTR3$OFF          (abs)        000000
__CFG_EBTRB$OFF          (abs)        000000
__CFG_FCMEN$OFF          (abs)        000000
__CFG_IESO$ON            (abs)        000000
__CFG_LPT1OSC$OFF        (abs)        000000
__CFG_LVP$OFF            (abs)        000000
__CFG_MCLRE$ON           (abs)        000000
__CFG_OSC$INTIO67        (abs)        000000
__CFG_PBADEN$ON          (abs)        000000
__CFG_PWRT$OFF           (abs)        000000
__CFG_STVREN$ON          (abs)        000000
__CFG_WDT$OFF            (abs)        000000
__CFG_WDTPS$1            (abs)        000000
__CFG_WRT0$OFF           (abs)        000000
__CFG_WRT1$OFF           (abs)        000000
__CFG_WRT2$OFF           (abs)        000000
__CFG_WRT3$OFF           (abs)        000000
__CFG_WRTB$OFF           (abs)        000000
__CFG_WRTC$OFF           (abs)        000000
__CFG_WRTD$OFF           (abs)        000000
__CFG_XINST$OFF          (abs)        000000
__HRAM                   (abs)        000000
__Habs1                  abs1         000000
__Hbank0                 bank0        000000
__Hbank1                 bank1        000000
__Hbank2                 bank2        000000
__Hbank3                 bank3        000000
__Hbank4                 bank4        000000
__Hbank5                 bank5        000000
__Hbigbss                bigbss       000000
__Hbigdata               bigdata      000000
__Hbigram                bigram       000000
__Hbss                   bss          000000
__HbssBANK0              bssBANK0     000000
__HbssBANK1              bssBANK1     000000
__HbssBANK2              bssBANK2     000000
__HbssCOMRAM             bssCOMRAM    000000
__Hcinit                 cinit        000000
__Hclrtext               clrtext      000000
__Hcomram                comram       000000
__Hconfig                config       30000E
__Hconst                 const        000000
__HcstackBANK0           cstackBANK0  000000
__HcstackBANK1           cstackBANK1  000000
__HcstackCOMRAM          cstackCOMRAM 000000
__Hdata                  data         000000
__HdataBANK0             dataBANK0    000000
__HdataBANK1             dataBANK1    000000
__HdataBANK2             dataBANK2    000000
__HdataBIGRAM            dataBIGRAM   000000
__HdataCOMRAM            dataCOMRAM   000000
__Heeprom_data           eeprom_data  000000
__Hfarbss                farbss       000000
__Hfardata               fardata      000000
__Hibigdata              ibigdata     000000
__Hidata                 idata        000000
__HidataBANK0            idataBANK0   000000
__HidataBANK1            idataBANK1   000000
__HidataBANK2            idataBANK2   000000
__HidataBIGRAM           idataBIGRAM  000000
__HidataCOMRAM           idataCOMRAM  000000
__Hidloc                 idloc        200008
__Hifardata              ifardata     000000
__Hinit                  init         000012
__Hintcode               intcode      00000E
__Hintcode_body          intcode_body 000000
__Hintcodelo             intcodelo    00000E
__Hintentry              intentry     000000
__Hintret                intret       000000
__Hintsave_regs          intsave_regs 000000
__Hirdata                irdata       000000
__Hmediumconst           mediumconst  000000
__HnvFARRAM              nvFARRAM     000000
__Hnvbit                 nvbit        000000
__Hnvrram                nvrram       000000
__Hparam                 rparam       000000
__Hpowerup               powerup      00000E
__Hram                   ram          000000
__Hramtop                ramtop       000600
__Hrbit                  rbit         000000
__Hrbss                  rbss         000000
__Hrdata                 rdata        000000
__Hreset_vec             reset_vec    000004
__Hrparam                rparam       000000
__Hsfr                   sfr          000000
__Hsmallconst            smallconst   000000
__Hspace_0               (abs)        30000E
__Hspace_1               (abs)        000594
__Hspace_2               (abs)        000000
__Hstack                 stack        000000
__Hstruct                struct       000000
__Htemp                  temp         00006E
__Htext                  text         000000
__Htext0                 text0        000000
__Htext1                 text1        000000
__Htext10                text10       000000
__Htext11                text11       000000
__Htext12                text12       000000
__Htext13                text13       000000
__Htext15                text15       000000
__Htext16                text16       000000
__Htext17                text17       000000
__Htext18                text18       000000
__Htext2                 text2        000000
__Htext3                 text3        000000
__Htext4                 text4        000000
__Htext5                 text5        000000
__Htext6                 text6        000000
__Htext7                 text7        000000
__Htext8                 text8        000000
__Htext9                 text9        000000
__LRAM                   (abs)        000001
__Labs1                  abs1         000000
__Lbank0                 bank0        000000
__Lbank1                 bank1        000000
__Lbank2                 bank2        000000
__Lbank3                 bank3        000000
__Lbank4                 bank4        000000
__Lbank5                 bank5        000000
__Lbigbss                bigbss       000000
__Lbigdata               bigdata      000000
__Lbigram                bigram       000000
__Lbss                   bss          000000
__LbssBANK0              bssBANK0     000000
__LbssBANK1              bssBANK1     000000
__LbssBANK2              bssBANK2     000000
__LbssCOMRAM             bssCOMRAM    000000
__Lcinit                 cinit        000000
__Lclrtext               clrtext      000000
__Lcomram                comram       000000
__Lconfig                config       300000
__Lconst                 const        000000
__LcstackBANK0           cstackBANK0  000000
__LcstackBANK1           cstackBANK1  000000
__LcstackCOMRAM          cstackCOMRAM 000000
__Ldata                  data         000000
__LdataBANK0             dataBANK0    000000
__LdataBANK1             dataBANK1    000000
__LdataBANK2             dataBANK2    000000
__LdataBIGRAM            dataBIGRAM   000000
__LdataCOMRAM            dataCOMRAM   000000
__Leeprom_data           eeprom_data  000000
__Lfarbss                farbss       000000
__Lfardata               fardata      000000
__Libigdata              ibigdata     000000
__Lidata                 idata        000000
__LidataBANK0            idataBANK0   000000
__LidataBANK1            idataBANK1   000000
__LidataBANK2            idataBANK2   000000
__LidataBIGRAM           idataBIGRAM  000000
__LidataCOMRAM           idataCOMRAM  000000
__Lidloc                 idloc        200000
__Lifardata              ifardata     000000
__Linit                  init         00000E
__Lintcode               intcode      000008
__Lintcode_body          intcode_body 000000
__Lintcodelo             intcodelo    00000E
__Lintentry              intentry     000000
__Lintret                intret       000000
__Lintsave_regs          intsave_regs 000000
__Lirdata                irdata       000000
__Lmediumconst           mediumconst  000000
__LnvFARRAM              nvFARRAM     000000
__Lnvbit                 nvbit        000000
__Lnvrram                nvrram       000000
__Lparam                 rparam       000000
__Lpowerup               powerup      00000E
__Lram                   ram          000000
__Lramtop                ramtop       000600
__Lrbit                  rbit         000000
__Lrbss                  rbss         000000
__Lrdata                 rdata        000000
__Lreset_vec             reset_vec    000000
__Lrparam                rparam       000000
__Lsfr                   sfr          000000
__Lsmallconst            smallconst   000000
__Lspace_0               (abs)        000000
__Lspace_1               (abs)        000000
__Lspace_2               (abs)        000000
__Lstack                 stack        000000
__Lstruct                struct       000000
__Ltemp                  temp         00006D
__Ltext                  text         000000
__Ltext0                 text0        000000
__Ltext1                 text1        000000
__Ltext10                text10       000000
__Ltext11                text11       000000
__Ltext12                text12       000000
__Ltext13                text13       000000
__Ltext15                text15       000000
__Ltext16                text16       000000
__Ltext17                text17       000000
__Ltext18                text18       000000
__Ltext2                 text2        000000
__Ltext3                 text3        000000
__Ltext4                 text4        000000
__Ltext5                 text5        000000
__Ltext6                 text6        000000
__Ltext7                 text7        000000
__Ltext8                 text8        000000
__Ltext9                 text9        000000
__S0                     (abs)        30000E
__S1                     (abs)        000594
__S2                     (abs)        000000
___awdiv                 text4        0025F2
___awdiv@counter         cstackBANK0  000084
___awdiv@dividend        cstackBANK0  000080
___awdiv@divisor         cstackBANK0  000082
___awdiv@quotient        cstackBANK0  000086
___awdiv@sign            cstackBANK0  000085
___awmod                 text3        0026B8
___awmod@counter         cstackBANK0  000084
___awmod@dividend        cstackBANK0  000080
___awmod@divisor         cstackBANK0  000082
___awmod@sign            cstackBANK0  000085
___inthi_sp              stack        000000
___intlo_sp              stack        000000
___lmul                  text11       002A7E
___lmul@multiplicand     cstackBANK0  000084
___lmul@multiplier       cstackBANK0  000080
___lmul@product          cstackBANK0  000088
___lwdiv                 text10       002A08
___lwdiv@counter         cstackBANK0  000084
___lwdiv@dividend        cstackBANK0  000080
___lwdiv@divisor         cstackBANK0  000082
___lwdiv@quotient        cstackBANK0  000085
___lwmod                 text9        002AEA
___lwmod@counter         cstackBANK0  000084
___lwmod@dividend        cstackBANK0  000080
___lwmod@divisor         cstackBANK0  000082
___omul                  text18       00296A
___omul@multiplicand     cstackCOMRAM 000009
___omul@multiplier       cstackCOMRAM 000001
___omul@product          cstackCOMRAM 000011
___param_bank            (abs)        000000
___rparam_used           (abs)        000001
___sp                    stack        000000
___wmul                  text8        002C6E
___wmul@multiplicand     cstackBANK0  000082
___wmul@multiplier       cstackBANK0  000080
___wmul@product          cstackBANK0  000084
__accesstop              (abs)        000080
__activetblptr           (abs)        000002
__end_of_ADC_Read        text12       002C3E
__end_of_Hi_ISR          intcode_body 001DFE
__end_of___awdiv         text4        0026B8
__end_of___awmod         text3        00276A
__end_of___lmul          text11       002AEA
__end_of___lwdiv         text10       002A7E
__end_of___lwmod         text9        002B50
__end_of___omul          text18       002A08
__end_of___wmul          text8        002C96
__end_of__initialization cinit        00250A
__end_of_end             text7        000ABA
__end_of_initial         text13       0025F2
__end_of_main            text0        0019C8
__end_of_rand            text17       00243E
__end_of_running         text6        001544
__end_of_srand           text5        002C6E
__end_of_start           text2        002362
__end_of_time            text1        002C02
__end_ofi2___awmod       text16       0028CA
__end_ofi2___lwmod       text15       002BB4
__initialization         cinit        00243E
__mediumconst            mediumconst  000000
__pbssBANK0              bssBANK0     0000D3
__pbssBANK1              bssBANK1     0001A0
__pbssBANK2              bssBANK2     0002B0
__pbssCOMRAM             bssCOMRAM    000039
__pcinit                 cinit        00243E
__pcstackBANK0           cstackBANK0  000080
__pcstackBANK1           cstackBANK1  0001F4
__pcstackCOMRAM          cstackCOMRAM 000001
__pdataBANK0             dataBANK0    0000FB
__pdataBANK1             dataBANK1    000100
__pdataBANK2             dataBANK2    000200
__pdataBIGRAM            dataBIGRAM   0002C4
__pdataCOMRAM            dataCOMRAM   000067
__pidataBANK0            idataBANK0   002C9C
__pidataBANK1            idataBANK1   0028CA
__pidataBANK2            idataBANK2   00276A
__pidataBIGRAM           idataBIGRAM  001DFE
__pidataCOMRAM           idataCOMRAM  002C96
__pintcode               intcode      000008
__pintcode_body          intcode_body 0019C8
__ptext0                 text0        001544
__ptext1                 text1        002BB4
__ptext10                text10       002A08
__ptext11                text11       002A7E
__ptext12                text12       002C02
__ptext13                text13       002518
__ptext15                text15       002B50
__ptext16                text16       00281A
__ptext17                text17       002362
__ptext18                text18       00296A
__ptext2                 text2        0020CE
__ptext3                 text3        0026B8
__ptext4                 text4        0025F2
__ptext5                 text5        002C3E
__ptext6                 text6        000ABA
__ptext7                 text7        000012
__ptext8                 text8        002C6E
__ptext9                 text9        002AEA
__ramtop                 ramtop       000600
__size_of_ADC_Read       (abs)        000000
__size_of_Hi_ISR         (abs)        000000
__size_of___awdiv        (abs)        000000
__size_of___awmod        (abs)        000000
__size_of___lmul         (abs)        000000
__size_of___lwdiv        (abs)        000000
__size_of___lwmod        (abs)        000000
__size_of___omul         (abs)        000000
__size_of___wmul         (abs)        000000
__size_of_end            (abs)        000000
__size_of_initial        (abs)        000000
__size_of_main           (abs)        000000
__size_of_rand           (abs)        000000
__size_of_running        (abs)        000000
__size_of_srand          (abs)        000000
__size_of_start          (abs)        000000
__size_of_time           (abs)        000000
__size_ofi2___awmod      (abs)        000000
__size_ofi2___lwmod      (abs)        000000
__smallconst             smallconst   000000
_arrow                   dataBANK1    000150
_create                  bssCOMRAM    000053
_crush                   bssBANK1     0001A0
_det_i                   bssCOMRAM    000049
_detect                  bssBANK1     0001E0
_din                     bssCOMRAM    000039
_din_dun                 dataBANK1    000180
_din_ori                 dataBANK1    000190
_dis_avr                 bssCOMRAM    00004B
_dis_i                   bssCOMRAM    00004D
_distance                bssBANK2     0002B0
_dun_flag                bssCOMRAM    000057
_end                     text7        000012
_endimg                  dataBANK2    000200
_fall_flag               bssBANK0     0000F5
_go                      dataBANK2    000220
_hold                    dataBANK2    000240
_initial                 text13       002518
_jump_flag               bssCOMRAM    000059
_jump_time               dataBANK0    0000FB
_line                    dataCOMRAM   00006B
_main                    text0        001544
_num0                    dataBANK2    000260
_num1                    dataBANK1    000140
_num2                    dataBANK1    000130
_num3                    dataBANK1    000120
_num4                    dataBANK1    000110
_num5                    dataBANK1    000100
_num6                    dataBANK2    0002A0
_num7                    dataBANK2    000290
_num8                    dataBANK2    000280
_num9                    dataBANK2    000270
_obj                     bssBANK1     0001C0
_pr_arr                  dataBIGRAM   00042C
_pr_idx                  bssBANK0     0000F9
_rand                    text17       002362
_rock1                   dataBANK1    000170
_rock2                   dataBANK1    000160
_row                     bssBANK0     0000D3
_running                 text6        000ABA
_running_flag            bssCOMRAM    00005B
_score                   bssBANK0     0000F7
_seed                    bssCOMRAM    00005F
_srand                   text5        002C3E
_start                   text2        0020CE
_test1                   bssCOMRAM    000051
_test2                   bssCOMRAM    00004F
_time                    text1        002BB4
_time_count              bssBANK0     0000F3
_timer3_count            bssCOMRAM    000055
_timer3_val              dataCOMRAM   000067
_tmr1_count              bssCOMRAM    00005D
_tmr_arr                 dataBIGRAM   0002C4
btemp                    temp         00006D
end@i                    cstackBANK0  000095
end@i_874                cstackBANK0  000097
end@i_878                cstackBANK0  00009B
end@i_879                cstackBANK0  00009D
end@i_880                cstackBANK0  00009F
end@i_881                cstackBANK0  0000A1
end@i_882                cstackBANK0  0000A3
end@i_883                cstackBANK0  0000A5
end@i_884                cstackBANK0  0000A7
end@i_885                cstackBANK0  0000A9
end@i_886                cstackBANK0  0000AB
end@i_887                cstackBANK0  0000AD
end@j                    cstackBANK0  000099
end@num                  cstackBANK0  000093
end@shift                cstackBANK0  0000AF
end_of_initialization    cinit        00250A
i2___awmod               text16       00281A
i2___awmod@counter       cstackCOMRAM 000027
i2___awmod@dividend      cstackCOMRAM 000023
i2___awmod@divisor       cstackCOMRAM 000025
i2___awmod@sign          cstackCOMRAM 000028
i2___lwmod               text15       002B50
i2___lwmod@counter       cstackCOMRAM 000005
i2___lwmod@dividend      cstackCOMRAM 000001
i2___lwmod@divisor       cstackCOMRAM 000003
initial@i                cstackBANK0  000082
int$flags                temp         00006D
int_func                 intcode_body 0019C8
intlevel0                text         000000
intlevel1                text         000000
intlevel2                text         000000
intlevel3                text         000000
main@access              cstackBANK1  0001F8
main@i                   cstackBANK1  0001FA
main@i_1000              cstackBANK1  0001FC
main@nothing             cstackBANK1  0001F4
main@temp                cstackBANK1  0001F6
running@digital          cstackBANK0  0000BF
running@i                cstackBANK0  0000C5
running@i_890            cstackBANK0  0000C3
running@i_891            cstackBANK0  0000C7
running@i_934            cstackBANK0  0000C9
srand@s                  cstackBANK0  000088
stackhi                  (abs)        0005FF
stacklo                  (abs)        000594
start                    init         00000E
start@i                  cstackBANK0  000092
start@i_871              cstackBANK0  000094
start@nzero              cstackBANK0  00008E
start@sum                cstackBANK0  000090
start@temp               cstackBANK0  00008C
start_initialization     cinit        00243E
time@t                   cstackBANK0  000080
ttemp5                   temp         00006E
ttemp6                   temp         000071
ttemp7                   temp         000075
wtemp8                   temp         00006E


FUNCTION INFORMATION:

 *************** function _main *****************
 Defined at:
		line 458 in file "main.c"
 Parameters:    Size  Location     Type
		None
 Auto vars:     Size  Location     Type
  i               2    8[BANK1 ] int 
  i               2    6[BANK1 ] int 
  access          2    4[BANK1 ] int 
  temp            2    2[BANK1 ] int 
  nothing         2    0[BANK1 ] int 
 Return value:  Size  Location     Type
                  1    wreg      void 
 Registers used:
		wreg, fsr1l, fsr1h, fsr2l, fsr2h, status,2, status,0, prodl, prodh, cstack
 Tracked objects:
		On entry : 
		On exit  : 
		Unchanged: 
 Data sizes:     COMRAM   BANK0   BANK1   BANK2   BANK3   BANK4   BANK5
      Params:         0       0       0       0       0       0       0
      Locals:         0       0      10       0       0       0       0
      Temps:          0       8       0       0       0       0       0
      Totals:         0       8      10       0       0       0       0
Total ram usage:       18 bytes
 Hardware stack levels required when called:    6
 This function calls:
		_initial
		_running
		_srand
		_start
		_time
 This function is called by:
		Startup code after reset
 This function uses a non-reentrant model


 *************** function _time *****************
 Defined at:
		line 6 in file "C:\Program Files (x86)\Microchip\xc8\v2.10\pic\sources\c99\common\time.c"
 Parameters:    Size  Location     Type
  t               2    0[BANK0 ] PTR long long 
		 -> NULL(0), 
 Auto vars:     Size  Location     Type
		None
 Return value:  Size  Location     Type
                  8    0[BANK0 ] long long 
 Registers used:
		wreg, fsr2l, fsr2h, status,2, status,0
 Tracked objects:
		On entry : 
		On exit  : 
		Unchanged: 
 Data sizes:     COMRAM   BANK0   BANK1   BANK2   BANK3   BANK4   BANK5
      Params:         0       8       0       0       0       0       0
      Locals:         0       0       0       0       0       0       0
      Temps:          0       0       0       0       0       0       0
      Totals:         0       8       0       0       0       0       0
Total ram usage:        8 bytes
 Hardware stack levels used:    1
 Hardware stack levels required when called:    3
 This function calls:
		Nothing
 This function is called by:
		_main
 This function uses a non-reentrant model


 *************** function _start *****************
 Defined at:
		line 183 in file "main.c"
 Parameters:    Size  Location     Type
		None
 Auto vars:     Size  Location     Type
  i               2   20[BANK0 ] int 
  i               2   18[BANK0 ] int 
  sum             2   16[BANK0 ] int 
  nzero           2   14[BANK0 ] int 
  temp            2   12[BANK0 ] int 
 Return value:  Size  Location     Type
                  1    wreg      void 
 Registers used:
		wreg, fsr1l, fsr1h, fsr2l, fsr2h, status,2, status,0, cstack
 Tracked objects:
		On entry : 
		On exit  : 
		Unchanged: 
 Data sizes:     COMRAM   BANK0   BANK1   BANK2   BANK3   BANK4   BANK5
      Params:         0       0       0       0       0       0       0
      Locals:         0      10       0       0       0       0       0
      Temps:          0       4       0       0       0       0       0
      Totals:         0      14       0       0       0       0       0
Total ram usage:       14 bytes
 Hardware stack levels used:    1
 Hardware stack levels required when called:    4
 This function calls:
		___awdiv
		___awmod
 This function is called by:
		_main
 This function uses a non-reentrant model


 *************** function ___awmod *****************
 Defined at:
		line 7 in file "C:\Program Files (x86)\Microchip\xc8\v2.10\pic\sources\c99\common\awmod.c"
 Parameters:    Size  Location     Type
  dividend        2    0[BANK0 ] int 
  divisor         2    2[BANK0 ] int 
 Auto vars:     Size  Location     Type
  sign            1    5[BANK0 ] unsigned char 
  counter         1    4[BANK0 ] unsigned char 
 Return value:  Size  Location     Type
                  2    0[BANK0 ] int 
 Registers used:
		wreg, status,2, status,0
 Tracked objects:
		On entry : 
		On exit  : 
		Unchanged: 
 Data sizes:     COMRAM   BANK0   BANK1   BANK2   BANK3   BANK4   BANK5
      Params:         0       4       0       0       0       0       0
      Locals:         0       2       0       0       0       0       0
      Temps:          0       0       0       0       0       0       0
      Totals:         0       6       0       0       0       0       0
Total ram usage:        6 bytes
 Hardware stack levels used:    1
 Hardware stack levels required when called:    3
 This function calls:
		Nothing
 This function is called by:
		_start
 This function uses a non-reentrant model


 *************** function ___awdiv *****************
 Defined at:
		line 7 in file "C:\Program Files (x86)\Microchip\xc8\v2.10\pic\sources\c99\common\awdiv.c"
 Parameters:    Size  Location     Type
  dividend        2    0[BANK0 ] int 
  divisor         2    2[BANK0 ] int 
 Auto vars:     Size  Location     Type
  quotient        2    6[BANK0 ] int 
  sign            1    5[BANK0 ] unsigned char 
  counter         1    4[BANK0 ] unsigned char 
 Return value:  Size  Location     Type
                  2    0[BANK0 ] int 
 Registers used:
		wreg, status,2, status,0
 Tracked objects:
		On entry : 
		On exit  : 
		Unchanged: 
 Data sizes:     COMRAM   BANK0   BANK1   BANK2   BANK3   BANK4   BANK5
      Params:         0       4       0       0       0       0       0
      Locals:         0       4       0       0       0       0       0
      Temps:          0       0       0       0       0       0       0
      Totals:         0       8       0       0       0       0       0
Total ram usage:        8 bytes
 Hardware stack levels used:    1
 Hardware stack levels required when called:    3
 This function calls:
		Nothing
 This function is called by:
		_start
 This function uses a non-reentrant model


 *************** function _srand *****************
 Defined at:
		line 10 in file "C:\Program Files (x86)\Microchip\xc8\v2.10\pic\sources\c99\common\rand.c"
 Parameters:    Size  Location     Type
  s               2    8[BANK0 ] unsigned int 
 Auto vars:     Size  Location     Type
		None
 Return value:  Size  Location     Type
                  1    wreg      void 
 Registers used:
		wreg, status,2, status,0
 Tracked objects:
		On entry : 
		On exit  : 
		Unchanged: 
 Data sizes:     COMRAM   BANK0   BANK1   BANK2   BANK3   BANK4   BANK5
      Params:         0       2       0       0       0       0       0
      Locals:         0       0       0       0       0       0       0
      Temps:          0       4       0       0       0       0       0
      Totals:         0       6       0       0       0       0       0
Total ram usage:        6 bytes
 Hardware stack levels used:    1
 Hardware stack levels required when called:    3
 This function calls:
		Nothing
 This function is called by:
		_main
 This function uses a non-reentrant model


 *************** function _running *****************
 Defined at:
		line 311 in file "main.c"
 Parameters:    Size  Location     Type
		None
 Auto vars:     Size  Location     Type
  i               2   73[BANK0 ] int 
  i               2   71[BANK0 ] int 
  i               2   67[BANK0 ] int 
  i               2   69[BANK0 ] int 
  digital         4   63[BANK0 ] unsigned long 
 Return value:  Size  Location     Type
                  1    wreg      void 
 Registers used:
		wreg, fsr1l, fsr1h, fsr2l, fsr2h, status,2, status,0, prodl, prodh, cstack
 Tracked objects:
		On entry : 
		On exit  : 
		Unchanged: 
 Data sizes:     COMRAM   BANK0   BANK1   BANK2   BANK3   BANK4   BANK5
      Params:         0       0       0       0       0       0       0
      Locals:         0      12       0       0       0       0       0
      Temps:          0      14       0       0       0       0       0
      Totals:         0      26       0       0       0       0       0
Total ram usage:       26 bytes
 Hardware stack levels used:    1
 Hardware stack levels required when called:    5
 This function calls:
		_ADC_Read
		___lmul
		_end
 This function is called by:
		_main
 This function uses a non-reentrant model


 *************** function _end *****************
 Defined at:
		line 228 in file "main.c"
 Parameters:    Size  Location     Type
		None
 Auto vars:     Size  Location     Type
  i               2   45[BANK0 ] int 
  i               2   43[BANK0 ] int 
  i               2   41[BANK0 ] int 
  i               2   39[BANK0 ] int 
  i               2   37[BANK0 ] int 
  i               2   35[BANK0 ] int 
  i               2   33[BANK0 ] int 
  i               2   31[BANK0 ] int 
  i               2   29[BANK0 ] int 
  i               2   27[BANK0 ] int 
  j               2   25[BANK0 ] int 
  i               2   23[BANK0 ] int 
  i               2   21[BANK0 ] int 
  shift           2   47[BANK0 ] int 
  num             2   19[BANK0 ] int 
 Return value:  Size  Location     Type
                  1    wreg      void 
 Registers used:
		wreg, fsr1l, fsr1h, fsr2l, fsr2h, status,2, status,0, prodl, prodh, cstack
 Tracked objects:
		On entry : 
		On exit  : 
		Unchanged: 
 Data sizes:     COMRAM   BANK0   BANK1   BANK2   BANK3   BANK4   BANK5
      Params:         0       0       0       0       0       0       0
      Locals:         0      30       0       0       0       0       0
      Temps:          0      12       0       0       0       0       0
      Totals:         0      42       0       0       0       0       0
Total ram usage:       42 bytes
 Hardware stack levels used:    1
 Hardware stack levels required when called:    4
 This function calls:
		___lwdiv
		___lwmod
		___wmul
 This function is called by:
		_running
 This function uses a non-reentrant model


 *************** function ___wmul *****************
 Defined at:
		line 15 in file "C:\Program Files (x86)\Microchip\xc8\v2.10\pic\sources\c99\common\Umul16.c"
 Parameters:    Size  Location     Type
  multiplier      2    0[BANK0 ] unsigned int 
  multiplicand    2    2[BANK0 ] unsigned int 
 Auto vars:     Size  Location     Type
  product         2    4[BANK0 ] unsigned int 
 Return value:  Size  Location     Type
                  2    0[BANK0 ] unsigned int 
 Registers used:
		wreg, status,2, status,0, prodl, prodh
 Tracked objects:
		On entry : 
		On exit  : 
		Unchanged: 
 Data sizes:     COMRAM   BANK0   BANK1   BANK2   BANK3   BANK4   BANK5
      Params:         0       4       0       0       0       0       0
      Locals:         0       2       0       0       0       0       0
      Temps:          0       0       0       0       0       0       0
      Totals:         0       6       0       0       0       0       0
Total ram usage:        6 bytes
 Hardware stack levels used:    1
 Hardware stack levels required when called:    3
 This function calls:
		Nothing
 This function is called by:
		_end
 This function uses a non-reentrant model


 *************** function ___lwmod *****************
 Defined at:
		line 7 in file "C:\Program Files (x86)\Microchip\xc8\v2.10\pic\sources\c99\common\lwmod.c"
 Parameters:    Size  Location     Type
  dividend        2    0[BANK0 ] unsigned int 
  divisor         2    2[BANK0 ] unsigned int 
 Auto vars:     Size  Location     Type
  counter         1    4[BANK0 ] unsigned char 
 Return value:  Size  Location     Type
                  2    0[BANK0 ] unsigned int 
 Registers used:
		wreg, status,2, status,0
 Tracked objects:
		On entry : 
		On exit  : 
		Unchanged: 
 Data sizes:     COMRAM   BANK0   BANK1   BANK2   BANK3   BANK4   BANK5
      Params:         0       4       0       0       0       0       0
      Locals:         0       1       0       0       0       0       0
      Temps:          0       0       0       0       0       0       0
      Totals:         0       5       0       0       0       0       0
Total ram usage:        5 bytes
 Hardware stack levels used:    1
 Hardware stack levels required when called:    3
 This function calls:
		Nothing
 This function is called by:
		_end
 This function uses a non-reentrant model


 *************** function ___lwdiv *****************
 Defined at:
		line 7 in file "C:\Program Files (x86)\Microchip\xc8\v2.10\pic\sources\c99\common\lwdiv.c"
 Parameters:    Size  Location     Type
  dividend        2    0[BANK0 ] unsigned int 
  divisor         2    2[BANK0 ] unsigned int 
 Auto vars:     Size  Location     Type
  quotient        2    5[BANK0 ] unsigned int 
  counter         1    4[BANK0 ] unsigned char 
 Return value:  Size  Location     Type
                  2    0[BANK0 ] unsigned int 
 Registers used:
		wreg, status,2, status,0
 Tracked objects:
		On entry : 
		On exit  : 
		Unchanged: 
 Data sizes:     COMRAM   BANK0   BANK1   BANK2   BANK3   BANK4   BANK5
      Params:         0       4       0       0       0       0       0
      Locals:         0       3       0       0       0       0       0
      Temps:          0       0       0       0       0       0       0
      Totals:         0       7       0       0       0       0       0
Total ram usage:        7 bytes
 Hardware stack levels used:    1
 Hardware stack levels required when called:    3
 This function calls:
		Nothing
 This function is called by:
		_end
 This function uses a non-reentrant model


 *************** function ___lmul *****************
 Defined at:
		line 15 in file "C:\Program Files (x86)\Microchip\xc8\v2.10\pic\sources\c99\common\Umul32.c"
 Parameters:    Size  Location     Type
  multiplier      4    0[BANK0 ] unsigned long 
  multiplicand    4    4[BANK0 ] unsigned long 
 Auto vars:     Size  Location     Type
  product         4    8[BANK0 ] unsigned long 
 Return value:  Size  Location     Type
                  4    0[BANK0 ] unsigned long 
 Registers used:
		wreg, status,2, status,0
 Tracked objects:
		On entry : 
		On exit  : 
		Unchanged: 
 Data sizes:     COMRAM   BANK0   BANK1   BANK2   BANK3   BANK4   BANK5
      Params:         0       8       0       0       0       0       0
      Locals:         0       4       0       0       0       0       0
      Temps:          0       0       0       0       0       0       0
      Totals:         0      12       0       0       0       0       0
Total ram usage:       12 bytes
 Hardware stack levels used:    1
 Hardware stack levels required when called:    3
 This function calls:
		Nothing
 This function is called by:
		_running
 This function uses a non-reentrant model


 *************** function _ADC_Read *****************
 Defined at:
		line 169 in file "main.c"
 Parameters:    Size  Location     Type
		None
 Auto vars:     Size  Location     Type
  digital         2    4[BANK0 ] int 
 Return value:  Size  Location     Type
                  2    0[BANK0 ] int 
 Registers used:
		wreg, status,2, status,0
 Tracked objects:
		On entry : 
		On exit  : 
		Unchanged: 
 Data sizes:     COMRAM   BANK0   BANK1   BANK2   BANK3   BANK4   BANK5
      Params:         0       2       0       0       0       0       0
      Locals:         0       2       0       0       0       0       0
      Temps:          0       2       0       0       0       0       0
      Totals:         0       6       0       0       0       0       0
Total ram usage:        6 bytes
 Hardware stack levels used:    1
 Hardware stack levels required when called:    3
 This function calls:
		Nothing
 This function is called by:
		_running
 This function uses a non-reentrant model


 *************** function _initial *****************
 Defined at:
		line 133 in file "main.c"
 Parameters:    Size  Location     Type
		None
 Auto vars:     Size  Location     Type
  i               2    2[BANK0 ] int 
 Return value:  Size  Location     Type
                  1    wreg      void 
 Registers used:
		wreg, fsr2l, fsr2h, status,2, status,0
 Tracked objects:
		On entry : 
		On exit  : 
		Unchanged: 
 Data sizes:     COMRAM   BANK0   BANK1   BANK2   BANK3   BANK4   BANK5
      Params:         0       0       0       0       0       0       0
      Locals:         0       2       0       0       0       0       0
      Temps:          0       2       0       0       0       0       0
      Totals:         0       4       0       0       0       0       0
Total ram usage:        4 bytes
 Hardware stack levels used:    1
 Hardware stack levels required when called:    3
 This function calls:
		Nothing
 This function is called by:
		_main
 This function uses a non-reentrant model


 *************** function _Hi_ISR *****************
 Defined at:
		line 582 in file "main.c"
 Parameters:    Size  Location     Type
		None
 Auto vars:     Size  Location     Type
  i               2   54[COMRAM] int 
 Return value:  Size  Location     Type
                  1    wreg      void 
 Registers used:
		wreg, fsr2l, fsr2h, status,2, status,0, cstack
 Tracked objects:
		On entry : 
		On exit  : 
		Unchanged: 
 Data sizes:     COMRAM   BANK0   BANK1   BANK2   BANK3   BANK4   BANK5
      Params:         0       0       0       0       0       0       0
      Locals:         2       0       0       0       0       0       0
      Temps:         14       0       0       0       0       0       0
      Totals:        16       0       0       0       0       0       0
Total ram usage:       16 bytes
 Hardware stack levels used:    1
 Hardware stack levels required when called:    2
 This function calls:
		_rand
		i2___awmod
		i2___lwmod
 This function is called by:
		Interrupt level 2
 This function uses a non-reentrant model


 *************** function i2___lwmod *****************
 Defined at:
		line 7 in file "C:\Program Files (x86)\Microchip\xc8\v2.10\pic\sources\c99\common\lwmod.c"
 Parameters:    Size  Location     Type
  dividend        2    0[COMRAM] unsigned int 
  divisor         2    2[COMRAM] unsigned int 
 Auto vars:     Size  Location     Type
  __lwmod         1    4[COMRAM] unsigned char 
 Return value:  Size  Location     Type
                  2    0[COMRAM] unsigned int 
 Registers used:
		wreg, status,2, status,0
 Tracked objects:
		On entry : 
		On exit  : 
		Unchanged: 
 Data sizes:     COMRAM   BANK0   BANK1   BANK2   BANK3   BANK4   BANK5
      Params:         4       0       0       0       0       0       0
      Locals:         1       0       0       0       0       0       0
      Temps:          0       0       0       0       0       0       0
      Totals:         5       0       0       0       0       0       0
Total ram usage:        5 bytes
 Hardware stack levels used:    1
 This function calls:
		Nothing
 This function is called by:
		_Hi_ISR
 This function uses a non-reentrant model


 *************** function i2___awmod *****************
 Defined at:
		line 7 in file "C:\Program Files (x86)\Microchip\xc8\v2.10\pic\sources\c99\common\awmod.c"
 Parameters:    Size  Location     Type
  dividend        2   34[COMRAM] int 
  divisor         2   36[COMRAM] int 
 Auto vars:     Size  Location     Type
  __awmod         1   39[COMRAM] unsigned char 
  __awmod         1   38[COMRAM] unsigned char 
 Return value:  Size  Location     Type
                  2   34[COMRAM] int 
 Registers used:
		wreg, status,2, status,0
 Tracked objects:
		On entry : 
		On exit  : 
		Unchanged: 
 Data sizes:     COMRAM   BANK0   BANK1   BANK2   BANK3   BANK4   BANK5
      Params:         4       0       0       0       0       0       0
      Locals:         2       0       0       0       0       0       0
      Temps:          0       0       0       0       0       0       0
      Totals:         6       0       0       0       0       0       0
Total ram usage:        6 bytes
 Hardware stack levels used:    1
 This function calls:
		Nothing
 This function is called by:
		_Hi_ISR
 This function uses a non-reentrant model


 *************** function _rand *****************
 Defined at:
		line 15 in file "C:\Program Files (x86)\Microchip\xc8\v2.10\pic\sources\c99\common\rand.c"
 Parameters:    Size  Location     Type
		None
 Auto vars:     Size  Location     Type
		None
 Return value:  Size  Location     Type
                  2   24[COMRAM] int 
 Registers used:
		wreg, fsr2l, fsr2h, status,2, status,0, cstack
 Tracked objects:
		On entry : 
		On exit  : 
		Unchanged: 
 Data sizes:     COMRAM   BANK0   BANK1   BANK2   BANK3   BANK4   BANK5
      Params:         2       0       0       0       0       0       0
      Locals:         0       0       0       0       0       0       0
      Temps:          8       0       0       0       0       0       0
      Totals:        10       0       0       0       0       0       0
Total ram usage:       10 bytes
 Hardware stack levels used:    1
 Hardware stack levels required when called:    1
 This function calls:
		___omul
 This function is called by:
		_Hi_ISR
 This function uses a non-reentrant model


 *************** function ___omul *****************
 Defined at:
		line 91 in file "C:\Program Files (x86)\Microchip\xc8\v2.10\pic\sources\c99\common\Umul64.c"
 Parameters:    Size  Location     Type
  multiplier      8    0[COMRAM] unsigned long long 
  multiplicand    8    8[COMRAM] unsigned long long 
 Auto vars:     Size  Location     Type
  product         8   16[COMRAM] unsigned long long 
 Return value:  Size  Location     Type
                  8    0[COMRAM] unsigned long long 
 Registers used:
		wreg, fsr2l, fsr2h, status,2, status,0
 Tracked objects:
		On entry : 
		On exit  : 
		Unchanged: 
 Data sizes:     COMRAM   BANK0   BANK1   BANK2   BANK3   BANK4   BANK5
      Params:        16       0       0       0       0       0       0
      Locals:         8       0       0       0       0       0       0
      Temps:          0       0       0       0       0       0       0
      Totals:        24       0       0       0       0       0       0
Total ram usage:       24 bytes
 Hardware stack levels used:    1
 This function calls:
		Nothing
 This function is called by:
		_rand
 This function uses a non-reentrant model



MODULE INFORMATION

Module		Function		Class		Link	Load	Size
C:\Program Files (x86)\Microchip\xc8\v2.10\pic\sources\c99\common\rand.c
		_srand         		CODE           	2C3E	0000	49
		_rand          		CODE           	2362	0000	221

C:\Program Files (x86)\Microchip\xc8\v2.10\pic\sources\c99\common\rand.c estimated size: 270

C:\Program Files (x86)\Microchip\xc8\v2.10\pic\sources\c99\common\Umul32.c
		___lmul        		CODE           	2A7E	0000	109

C:\Program Files (x86)\Microchip\xc8\v2.10\pic\sources\c99\common\Umul32.c estimated size: 109

C:\Program Files (x86)\Microchip\xc8\v2.10\pic\sources\c99\common\lwdiv.c
		___lwdiv       		CODE           	2A08	0000	119

C:\Program Files (x86)\Microchip\xc8\v2.10\pic\sources\c99\common\lwdiv.c estimated size: 119

C:\Program Files (x86)\Microchip\xc8\v2.10\pic\sources\c99\common\awdiv.c
		___awdiv       		CODE           	25F2	0000	199

C:\Program Files (x86)\Microchip\xc8\v2.10\pic\sources\c99\common\awdiv.c estimated size: 199

C:\Program Files (x86)\Microchip\xc8\v2.10\pic\sources\c99\common\time.c
		_time          		CODE           	2BB4	0000	79

C:\Program Files (x86)\Microchip\xc8\v2.10\pic\sources\c99\common\time.c estimated size: 79

shared
		i2___lwmod     		CODE           	2B50	0000	101
		__initialization		CODE           	243E	0000	205
		i2___awmod     		CODE           	281A	0000	177

shared estimated size: 483

C:\Program Files (x86)\Microchip\xc8\v2.10\pic\sources\c99\common\Umul64.c
		___omul        		CODE           	296A	0000	159

C:\Program Files (x86)\Microchip\xc8\v2.10\pic\sources\c99\common\Umul64.c estimated size: 159

C:\Program Files (x86)\Microchip\xc8\v2.10\pic\sources\c99\common\Umul16.c
		___wmul        		CODE           	2C6E	0000	41

C:\Program Files (x86)\Microchip\xc8\v2.10\pic\sources\c99\common\Umul16.c estimated size: 41

C:\Program Files (x86)\Microchip\xc8\v2.10\pic\sources\c99\common\lwmod.c
		___lwmod       		CODE           	2AEA	0000	103

C:\Program Files (x86)\Microchip\xc8\v2.10\pic\sources\c99\common\lwmod.c estimated size: 103

C:\Program Files (x86)\Microchip\xc8\v2.10\pic\sources\c99\common\awmod.c
		___awmod       		CODE           	26B8	0000	179

C:\Program Files (x86)\Microchip\xc8\v2.10\pic\sources\c99\common\awmod.c estimated size: 179

main.c
		_main          		CODE           	1544	0000	1157
		_start         		CODE           	20CE	0000	661
		_running       		CODE           	0ABA	0000	2699
		_initial       		CODE           	2518	0000	219
		_end           		CODE           	0012	0000	2729
		_ADC_Read      		CODE           	2C02	0000	61
		_Hi_ISR        		CODE           	0008	0000	1085

main.c estimated size: 8611

