MPLINK 5.09, LINKER
Linker Map File - Created Mon Dec 02 14:57:27 2019

                                 Section Info
                  Section       Type    Address   Location Size(Bytes)
                ---------  ---------  ---------  ---------  ---------
                   .org_0       code   0x000000    program   0x000004
                   .cinit    romdata   0x000004    program   0x000002
                   .org_1       code   0x000008    program   0x000064
.config_300001_BUILD/DEFAULT/PRODUCTION/NEWASMT    romdata   0x300001    program   0x000001
.config_300003_BUILD/DEFAULT/PRODUCTION/NEWASMT    romdata   0x300003    program   0x000001
.config_300005_BUILD/DEFAULT/PRODUCTION/NEWASMT    romdata   0x300005    program   0x000001
.config_300006_BUILD/DEFAULT/PRODUCTION/NEWASMT    romdata   0x300006    program   0x000001



                              Program Memory Usage 
                               Start         End      
                           ---------   ---------      
                            0x000000    0x000005      
                            0x000008    0x00006b      
                            0x300001    0x300001      
                            0x300003    0x300003      
                            0x300005    0x300006      
            110 out of 33048 program addresses used, program memory utilization is 0%



                              Symbols - Sorted by Name
                     Name    Address   Location    Storage File                     
                ---------  ---------  ---------  --------- ---------                
                    C_Clk   0x00004a    program     static C:\Users\Carlton\MPLABXProjects\LAB7.X\newAsmTemplate.asm
                      Clk   0x000022    program     static C:\Users\Carlton\MPLABXProjects\LAB7.X\newAsmTemplate.asm
                      ISR   0x000008    program     static C:\Users\Carlton\MPLABXProjects\LAB7.X\newAsmTemplate.asm
                  Initial   0x00000e    program     static C:\Users\Carlton\MPLABXProjects\LAB7.X\newAsmTemplate.asm
                  _1loop1   0x00002e    program     static C:\Users\Carlton\MPLABXProjects\LAB7.X\newAsmTemplate.asm
                  _1loop2   0x000032    program     static C:\Users\Carlton\MPLABXProjects\LAB7.X\newAsmTemplate.asm
                  _2loop1   0x000050    program     static C:\Users\Carlton\MPLABXProjects\LAB7.X\newAsmTemplate.asm
                  _2loop2   0x000054    program     static C:\Users\Carlton\MPLABXProjects\LAB7.X\newAsmTemplate.asm
                  setting   0x00001c    program     static C:\Users\Carlton\MPLABXProjects\LAB7.X\newAsmTemplate.asm



                              Symbols - Sorted by Address
                     Name    Address   Location    Storage File                     
                ---------  ---------  ---------  --------- ---------                
                      ISR   0x000008    program     static C:\Users\Carlton\MPLABXProjects\LAB7.X\newAsmTemplate.asm
                  Initial   0x00000e    program     static C:\Users\Carlton\MPLABXProjects\LAB7.X\newAsmTemplate.asm
                  setting   0x00001c    program     static C:\Users\Carlton\MPLABXProjects\LAB7.X\newAsmTemplate.asm
                      Clk   0x000022    program     static C:\Users\Carlton\MPLABXProjects\LAB7.X\newAsmTemplate.asm
                  _1loop1   0x00002e    program     static C:\Users\Carlton\MPLABXProjects\LAB7.X\newAsmTemplate.asm
                  _1loop2   0x000032    program     static C:\Users\Carlton\MPLABXProjects\LAB7.X\newAsmTemplate.asm
                    C_Clk   0x00004a    program     static C:\Users\Carlton\MPLABXProjects\LAB7.X\newAsmTemplate.asm
                  _2loop1   0x000050    program     static C:\Users\Carlton\MPLABXProjects\LAB7.X\newAsmTemplate.asm
                  _2loop2   0x000054    program     static C:\Users\Carlton\MPLABXProjects\LAB7.X\newAsmTemplate.asm


